Archive member included to satisfy reference by file (symbol)

c:/tools/gcc-arm-none-eabi-7-2018-q2-update-win32/bin/../lib/gcc/arm-none-eabi/7.3.1/thumb/v6-m\libgcc.a(_udivsi3.o)
                              ./src/lib/pico-sdk/src/rp2_common/hardware_pll/pll.o (__aeabi_uidiv)
c:/tools/gcc-arm-none-eabi-7-2018-q2-update-win32/bin/../lib/gcc/arm-none-eabi/7.3.1/thumb/v6-m\libgcc.a(_dvmd_tls.o)
                              c:/tools/gcc-arm-none-eabi-7-2018-q2-update-win32/bin/../lib/gcc/arm-none-eabi/7.3.1/thumb/v6-m\libgcc.a(_udivsi3.o) (__aeabi_idiv0)
c:/tools/gcc-arm-none-eabi-7-2018-q2-update-win32/bin/../lib/gcc/arm-none-eabi/7.3.1/thumb/v6-m\libgcc.a(_aeabi_uldivmod.o)
                              ./src/lib/pico-sdk/src/rp2_common/hardware_clocks/clocks.o (__aeabi_uldivmod)
c:/tools/gcc-arm-none-eabi-7-2018-q2-update-win32/bin/../lib/gcc/arm-none-eabi/7.3.1/thumb/v6-m\libgcc.a(_muldi3.o)
                              ./src/lib/pico-sdk/src/common/pico_time/time.o (__aeabi_lmul)
c:/tools/gcc-arm-none-eabi-7-2018-q2-update-win32/bin/../lib/gcc/arm-none-eabi/7.3.1/thumb/v6-m\libgcc.a(_udivmoddi4.o)
                              c:/tools/gcc-arm-none-eabi-7-2018-q2-update-win32/bin/../lib/gcc/arm-none-eabi/7.3.1/thumb/v6-m\libgcc.a(_aeabi_uldivmod.o) (__udivmoddi4)
c:/tools/gcc-arm-none-eabi-7-2018-q2-update-win32/bin/../lib/gcc/arm-none-eabi/7.3.1/thumb/v6-m\libgcc.a(_clzdi2.o)
                              c:/tools/gcc-arm-none-eabi-7-2018-q2-update-win32/bin/../lib/gcc/arm-none-eabi/7.3.1/thumb/v6-m\libgcc.a(_udivmoddi4.o) (__clzdi2)
c:/tools/gcc-arm-none-eabi-7-2018-q2-update-win32/bin/../lib/gcc/arm-none-eabi/7.3.1/thumb/v6-m\libgcc.a(_clzsi2.o)
                              c:/tools/gcc-arm-none-eabi-7-2018-q2-update-win32/bin/../lib/gcc/arm-none-eabi/7.3.1/thumb/v6-m\libgcc.a(_clzdi2.o) (__clzsi2)
c:/tools/gcc-arm-none-eabi-7-2018-q2-update-win32/bin/../lib/gcc/arm-none-eabi/7.3.1/../../../../arm-none-eabi/lib/thumb/v6-m\libg.a(lib_a-calloc.o)
                              ./src/lib/pico-sdk/src/common/pico_util/pheap.o (calloc)
c:/tools/gcc-arm-none-eabi-7-2018-q2-update-win32/bin/../lib/gcc/arm-none-eabi/7.3.1/../../../../arm-none-eabi/lib/thumb/v6-m\libg.a(lib_a-callocr.o)
                              c:/tools/gcc-arm-none-eabi-7-2018-q2-update-win32/bin/../lib/gcc/arm-none-eabi/7.3.1/../../../../arm-none-eabi/lib/thumb/v6-m\libg.a(lib_a-calloc.o) (_calloc_r)
c:/tools/gcc-arm-none-eabi-7-2018-q2-update-win32/bin/../lib/gcc/arm-none-eabi/7.3.1/../../../../arm-none-eabi/lib/thumb/v6-m\libg.a(lib_a-impure.o)
                              c:/tools/gcc-arm-none-eabi-7-2018-q2-update-win32/bin/../lib/gcc/arm-none-eabi/7.3.1/../../../../arm-none-eabi/lib/thumb/v6-m\libg.a(lib_a-calloc.o) (_impure_ptr)
c:/tools/gcc-arm-none-eabi-7-2018-q2-update-win32/bin/../lib/gcc/arm-none-eabi/7.3.1/../../../../arm-none-eabi/lib/thumb/v6-m\libg.a(lib_a-init.o)
                              c:/tools/gcc-arm-none-eabi-7-2018-q2-update-win32/bin/../lib/gcc/arm-none-eabi/7.3.1/../../../../arm-none-eabi/lib/thumb/v6-m/crt0.o (__libc_init_array)
c:/tools/gcc-arm-none-eabi-7-2018-q2-update-win32/bin/../lib/gcc/arm-none-eabi/7.3.1/../../../../arm-none-eabi/lib/thumb/v6-m\libg.a(lib_a-malloc.o)
                              ./src/lib/pico-sdk/src/common/pico_time/time.o (malloc)
c:/tools/gcc-arm-none-eabi-7-2018-q2-update-win32/bin/../lib/gcc/arm-none-eabi/7.3.1/../../../../arm-none-eabi/lib/thumb/v6-m\libg.a(lib_a-mallocr.o)
                              c:/tools/gcc-arm-none-eabi-7-2018-q2-update-win32/bin/../lib/gcc/arm-none-eabi/7.3.1/../../../../arm-none-eabi/lib/thumb/v6-m\libg.a(lib_a-callocr.o) (_malloc_r)
c:/tools/gcc-arm-none-eabi-7-2018-q2-update-win32/bin/../lib/gcc/arm-none-eabi/7.3.1/../../../../arm-none-eabi/lib/thumb/v6-m\libg.a(lib_a-memcpy-stub.o)
                              ./src/lib/pico-sdk/src/rp2_common/pico_runtime/runtime.o (memcpy)
c:/tools/gcc-arm-none-eabi-7-2018-q2-update-win32/bin/../lib/gcc/arm-none-eabi/7.3.1/../../../../arm-none-eabi/lib/thumb/v6-m\libg.a(lib_a-memset.o)
                              c:/tools/gcc-arm-none-eabi-7-2018-q2-update-win32/bin/../lib/gcc/arm-none-eabi/7.3.1/../../../../arm-none-eabi/lib/thumb/v6-m/crt0.o (memset)
c:/tools/gcc-arm-none-eabi-7-2018-q2-update-win32/bin/../lib/gcc/arm-none-eabi/7.3.1/../../../../arm-none-eabi/lib/thumb/v6-m\libg.a(lib_a-mlock.o)
                              c:/tools/gcc-arm-none-eabi-7-2018-q2-update-win32/bin/../lib/gcc/arm-none-eabi/7.3.1/../../../../arm-none-eabi/lib/thumb/v6-m\libg.a(lib_a-mallocr.o) (__malloc_lock)
c:/tools/gcc-arm-none-eabi-7-2018-q2-update-win32/bin/../lib/gcc/arm-none-eabi/7.3.1/../../../../arm-none-eabi/lib/thumb/v6-m\libg.a(lib_a-printf.o)
                              ./src/lib/pico-sdk/src/rp2_common/pico_runtime/runtime.o (printf)
c:/tools/gcc-arm-none-eabi-7-2018-q2-update-win32/bin/../lib/gcc/arm-none-eabi/7.3.1/../../../../arm-none-eabi/lib/thumb/v6-m\libg.a(lib_a-putchar.o)
[...]
Memory Configuration

Name             Origin             Length             Attributes
FLASH            0x10000000         0x00200000         xr
RAM              0x20000000         0x00040000         xrw
SCRATCH_X        0x20040000         0x00001000         xrw
SCRATCH_Y        0x20041000         0x00001000         xrw
*default*        0x00000000         0xffffffff

Linker script and memory map

LOAD c:/tools/gcc-arm-none-eabi-7-2018-q2-update-win32/bin/../lib/gcc/arm-none-eabi/7.3.1/thumb/v6-m/crti.o
LOAD c:/tools/gcc-arm-none-eabi-7-2018-q2-update-win32/bin/../lib/gcc/arm-none-eabi/7.3.1/thumb/v6-m/crtbegin.o
LOAD c:/tools/gcc-arm-none-eabi-7-2018-q2-update-win32/bin/../lib/gcc/arm-none-eabi/7.3.1/../../../../arm-none-eabi/lib/thumb/v6-m/crt0.o
LOAD ./src/lib/pico-sdk/src/rp2_common/pico_runtime/runtime.o
LOAD ./src/lib/pico-sdk/src/rp2_common/pico_platform/include/pico/asm_helper.o
LOAD ./src/lib/pico-sdk/src/rp2_common/pico_platform/platform.o
LOAD ./src/lib/pico-sdk/src/rp2_common/pico_bootrom/bootrom.o
LOAD ./src/lib/pico-sdk/src/rp2_common/hardware_xosc/xosc.o
LOAD ./src/lib/pico-sdk/src/rp2_common/hardware_watchdog/watchdog.o
LOAD ./src/lib/pico-sdk/src/rp2_common/hardware_timer/timer.o
LOAD ./src/lib/pico-sdk/src/rp2_common/hardware_sync/sync.o
LOAD ./src/lib/pico-sdk/src/rp2_common/hardware_pll/pll.o
LOAD ./src/lib/pico-sdk/src/rp2_common/hardware_irq/irq.o
LOAD ./src/lib/pico-sdk/src/rp2_common/hardware_irq/irq_handler_chain.o
LOAD ./src/lib/pico-sdk/src/rp2_common/hardware_gpio/gpio.o
LOAD ./src/lib/pico-sdk/src/rp2_common/hardware_clocks/clocks.o
LOAD ./src/lib/pico-sdk/src/rp2_common/hardware_claim/claim.o
LOAD ./src/lib/pico-sdk/src/common/pico_util/datetime.o
LOAD ./src/lib/pico-sdk/src/common/pico_util/pheap.o
LOAD ./src/lib/pico-sdk/src/common/pico_util/queue.o
LOAD ./src/lib/pico-sdk/src/common/pico_time/time.o
LOAD ./src/lib/pico-sdk/src/common/pico_time/timeout_helper.o
LOAD ./src/lib/pico-sdk/src/common/pico_sync/critical_section.o
LOAD ./src/lib/pico-sdk/src/common/pico_sync/lock_core.o
LOAD ./src/lib/pico-sdk/src/common/pico_sync/mutex.o
LOAD ./src/lib/pico-sdk/src/common/pico_sync/sem.o
LOAD ./src/hw/driver/led.o
LOAD ./src/hw/hw.o
LOAD ./src/bsp/startup/crt0.o
LOAD ./src/bsp/bsp.o
LOAD ./src/bsp/sboot2.o
LOAD ./src/ap/ap.o
LOAD ./src/main.o
START GROUP
LOAD c:/tools/gcc-arm-none-eabi-7-2018-q2-update-win32/bin/../lib/gcc/arm-none-eabi/7.3.1/thumb/v6-m\libgcc.a
LOAD c:/tools/gcc-arm-none-eabi-7-2018-q2-update-win32/bin/../lib/gcc/arm-none-eabi/7.3.1/../../../../arm-none-eabi/lib/thumb/v6-m\libg.a
LOAD c:/tools/gcc-arm-none-eabi-7-2018-q2-update-win32/bin/../lib/gcc/arm-none-eabi/7.3.1/../../../../arm-none-eabi/lib/thumb/v6-m\libc.a
END GROUP
START GROUP
LOAD c:/tools/gcc-arm-none-eabi-7-2018-q2-update-win32/bin/../lib/gcc/arm-none-eabi/7.3.1/thumb/v6-m\libgcc.a
LOAD c:/tools/gcc-arm-none-eabi-7-2018-q2-update-win32/bin/../lib/gcc/arm-none-eabi/7.3.1/../../../../arm-none-eabi/lib/thumb/v6-m\libc.a
LOAD c:/tools/gcc-arm-none-eabi-7-2018-q2-update-win32/bin/../lib/gcc/arm-none-eabi/7.3.1/../../../../arm-none-eabi/lib/thumb/v6-m\libnosys.a
END GROUP
LOAD c:/tools/gcc-arm-none-eabi-7-2018-q2-update-win32/bin/../lib/gcc/arm-none-eabi/7.3.1/thumb/v6-m/crtend.o
LOAD c:/tools/gcc-arm-none-eabi-7-2018-q2-update-win32/bin/../lib/gcc/arm-none-eabi/7.3.1/thumb/v6-m/crtn.o

.flash_begin    0x10000000        0x0
                0x10000000                __flash_binary_start = .

.boot2          0x10000000      0x100
                0x10000000                __boot2_start__ = .
 *(.boot2)
 .boot2         0x10000000      0x100 ./src/bsp/sboot2.o
                0x10000100                __boot2_end__ = .
                0x00000001                ASSERT (((__boot2_end__ - __boot2_start__) == 0x100), ERROR: Pico second stage bootloader must be 256 bytes in size)

.text           0x10000100     0x8718
                0x10000100                __logical_binary_start = .
 *(.vectors)
 .vectors       0x10000100       0xd4 ./src/bsp/startup/crt0.o
                0x10000100                __vectors
                0x100001c0                isr_invalid
                0x100001c2                isr_nmi
                0x100001c4                isr_hardfault
                0x100001c6                isr_svcall
                0x100001c8                isr_pendsv
                0x100001ca                isr_systick
                0x100001cc                isr_irq11
                0x100001cc                isr_irq5
                0x100001cc                isr_irq23
                0x100001cc                isr_irq18
                0x100001cc                isr_irq31
                0x100001cc                isr_irq28
                0x100001cc                isr_irq19
                0x100001cc                isr_irq0
                0x100001cc                isr_irq6
                0x100001cc                isr_irq27
                0x100001cc                isr_irq12
                0x100001cc                isr_irq22
                0x100001cc                isr_irq13
                0x100001cc                isr_irq17
                0x100001cc                isr_irq14
                0x100001cc                isr_irq2
                0x100001cc                isr_irq10
                0x100001cc                isr_irq8
                0x100001cc                isr_irq24
                0x100001cc                isr_irq1
                0x100001cc                isr_irq7
                0x100001cc                isr_irq21
                0x100001cc                isr_irq20
                0x100001cc                isr_irq15
                0x100001cc                isr_irq25
                0x100001cc                __unhandled_user_irq
                0x100001cc                isr_irq4
                0x100001cc                isr_irq16
                0x100001cc                isr_irq29
                0x100001cc                isr_irq26
                0x100001cc                isr_irq3
                0x100001cc                isr_irq30
                0x100001cc                isr_irq9
                0x100001d2                unhandled_user_irq_num_in_r0
 *(.binary_info_header)
 .binary_info_header
                0x100001d4       0x14 ./src/bsp/startup/crt0.o
                0x100001e8                __binary_info_header_end = .
 *(.reset)
 .reset         0x100001e8       0xa8 ./src/bsp/startup/crt0.o
                0x100001e8                _entry_point
                0x10000266                __get_current_exception
 *(.init)
 .init          0x10000290        0x4 c:/tools/gcc-arm-none-eabi-7-2018-q2-update-win32/bin/../lib/gcc/arm-none-eabi/7.3.1/thumb/v6-m/crti.o
                0x10000290                _init
 *(EXCLUDE_FILE(*libm.a: *libc.a:*lib_a-mem*.o *libgcc.a:) .text*)
 .text          0x10000294       0x48 c:/tools/gcc-arm-none-eabi-7-2018-q2-update-win32/bin/../lib/gcc/arm-none-eabi/7.3.1/thumb/v6-m/crtbegin.o
 .text.__breakpoint
                0x100002dc        0xc ./src/lib/pico-sdk/src/rp2_common/pico_runtime/runtime.o
 .text.tight_loop_contents
                0x100002e8        0xa ./src/lib/pico-sdk/src/rp2_common/pico_runtime/runtime.o
 .text.hw_set_bits
                0x100002f2       0x1e ./src/lib/pico-sdk/src/rp2_common/pico_runtime/runtime.o
 .text.hw_clear_bits
                0x10000310       0x1e ./src/lib/pico-sdk/src/rp2_common/pico_runtime/runtime.o
 *fill*         0x1000032e        0x2 
 .text.reset_block
                0x10000330       0x20 ./src/lib/pico-sdk/src/rp2_common/pico_runtime/runtime.o
 .text.unreset_block_wait
                0x10000350       0x34 ./src/lib/pico-sdk/src/rp2_common/pico_runtime/runtime.o
 .text.runtime_init
                0x10000384       0xf4 ./src/lib/pico-sdk/src/rp2_common/pico_runtime/runtime.o
                0x10000384                runtime_init
 .text._exit    0x10000478        0xe ./src/lib/pico-sdk/src/rp2_common/pico_runtime/runtime.o
                0x10000478                _exit
 *fill*         0x10000486        0x2 
 .text._sbrk    0x10000488       0x58 ./src/lib/pico-sdk/src/rp2_common/pico_runtime/runtime.o
                0x10000488                _sbrk
 .text.exit     0x100004e0       0x10 ./src/lib/pico-sdk/src/rp2_common/pico_runtime/runtime.o
                0x100004e0                exit
 .text.__assert_func
                0x100004f0       0x4c ./src/lib/pico-sdk/src/rp2_common/pico_runtime/runtime.o
                0x100004f0                __assert_func
 .text.panic    0x1000053c       0x40 ./src/lib/pico-sdk/src/rp2_common/pico_runtime/runtime.o
                0x1000053c                panic
 .text.running_on_fpga
                0x1000057c       0x1c ./src/lib/pico-sdk/src/rp2_common/pico_platform/platform.o
                0x1000057c                running_on_fpga
 .text.rom_func_lookup
                0x10000598       0x28 ./src/lib/pico-sdk/src/rp2_common/pico_bootrom/bootrom.o
                0x10000598                rom_func_lookup
 .text.hw_set_bits
                0x100005c0       0x1e ./src/lib/pico-sdk/src/rp2_common/hardware_xosc/xosc.o
 *fill*         0x100005de        0x2 
 .text.xosc_init
                0x100005e0       0x40 ./src/lib/pico-sdk/src/rp2_common/hardware_xosc/xosc.o
                0x100005e0                xosc_init
 .text.watchdog_start_tick
                0x10000620       0x20 ./src/lib/pico-sdk/src/rp2_common/hardware_watchdog/watchdog.o
                0x10000620                watchdog_start_tick
 .text.to_us_since_boot
                0x10000640       0x18 ./src/lib/pico-sdk/src/rp2_common/hardware_timer/timer.o
 .text.tight_loop_contents
                0x10000658        0xa ./src/lib/pico-sdk/src/rp2_common/hardware_timer/timer.o
 .text.hw_set_bits
                0x10000662       0x1e ./src/lib/pico-sdk/src/rp2_common/hardware_timer/timer.o
 .text.check_hardware_alarm_num_param
                0x10000680       0x10 ./src/lib/pico-sdk/src/rp2_common/hardware_timer/timer.o
 .text.__dmb    0x10000690        0xe ./src/lib/pico-sdk/src/rp2_common/hardware_timer/timer.o
 .text.__mem_fence_acquire
                0x1000069e        0xe ./src/lib/pico-sdk/src/rp2_common/hardware_timer/timer.o
 .text.__mem_fence_release
                0x100006ac        0xe ./src/lib/pico-sdk/src/rp2_common/hardware_timer/timer.o
 .text.save_and_disable_interrupts
                0x100006ba       0x18 ./src/lib/pico-sdk/src/rp2_common/hardware_timer/timer.o
 .text.restore_interrupts
                0x100006d2       0x16 ./src/lib/pico-sdk/src/rp2_common/hardware_timer/timer.o
 .text.spin_lock_instance
                0x100006e8       0x20 ./src/lib/pico-sdk/src/rp2_common/hardware_timer/timer.o
 .text.spin_lock_unsafe_blocking
                0x10000708       0x24 ./src/lib/pico-sdk/src/rp2_common/hardware_timer/timer.o
 .text.spin_unlock_unsafe
                0x1000072c       0x1a ./src/lib/pico-sdk/src/rp2_common/hardware_timer/timer.o
 .text.spin_lock_blocking
                0x10000746       0x22 ./src/lib/pico-sdk/src/rp2_common/hardware_timer/timer.o
 .text.spin_unlock
                0x10000768       0x22 ./src/lib/pico-sdk/src/rp2_common/hardware_timer/timer.o
 *fill*         0x1000078a        0x2 
 .text.hardware_alarm_claim
                0x1000078c       0x2c ./src/lib/pico-sdk/src/rp2_common/hardware_timer/timer.o
                0x1000078c                hardware_alarm_claim
 .text.time_us_64
                0x100007b8       0x60 ./src/lib/pico-sdk/src/rp2_common/hardware_timer/timer.o
                0x100007b8                time_us_64
 .text.busy_wait_until
                0x10000818       0x70 ./src/lib/pico-sdk/src/rp2_common/hardware_timer/timer.o
                0x10000818                busy_wait_until
 .text.harware_alarm_irq_number
                0x10000888       0x12 ./src/lib/pico-sdk/src/rp2_common/hardware_timer/timer.o
 *fill*         0x1000089a        0x2 
 .text.hardware_alarm_irq_handler
                0x1000089c       0xd4 ./src/lib/pico-sdk/src/rp2_common/hardware_timer/timer.o
 .text.hardware_alarm_set_callback
                0x10000970       0xdc ./src/lib/pico-sdk/src/rp2_common/hardware_timer/timer.o
                0x10000970                hardware_alarm_set_callback
 .text.hardware_alarm_set_target
                0x10000a4c      0x160 ./src/lib/pico-sdk/src/rp2_common/hardware_timer/timer.o
                0x10000a4c                hardware_alarm_set_target
 .text.hardware_alarm_cancel
                0x10000bac       0x68 ./src/lib/pico-sdk/src/rp2_common/hardware_timer/timer.o
                0x10000bac                hardware_alarm_cancel
 .text.__dmb    0x10000c14        0xe ./src/lib/pico-sdk/src/rp2_common/hardware_sync/sync.o
 .text.__mem_fence_release
                0x10000c22        0xe ./src/lib/pico-sdk/src/rp2_common/hardware_sync/sync.o
 .text.spin_lock_instance
                0x10000c30       0x20 ./src/lib/pico-sdk/src/rp2_common/hardware_sync/sync.o
 .text.spin_unlock_unsafe
                0x10000c50       0x1a ./src/lib/pico-sdk/src/rp2_common/hardware_sync/sync.o
 .text.spin_locks_reset
                0x10000c6a       0x30 ./src/lib/pico-sdk/src/rp2_common/hardware_sync/sync.o
                0x10000c6a                spin_locks_reset
 *fill*         0x10000c9a        0x2 
 .text.next_striped_spin_lock_num
                0x10000c9c       0x30 ./src/lib/pico-sdk/src/rp2_common/hardware_sync/sync.o
                0x10000c9c                next_striped_spin_lock_num
 .text.tight_loop_contents
                0x10000ccc        0xa ./src/lib/pico-sdk/src/rp2_common/hardware_pll/pll.o
 .text.hw_clear_bits
                0x10000cd6       0x1e ./src/lib/pico-sdk/src/rp2_common/hardware_pll/pll.o
 .text.pll_init
                0x10000cf4      0x12c ./src/lib/pico-sdk/src/rp2_common/hardware_pll/pll.o
                0x10000cf4                pll_init
 .text.__dmb    0x10000e20        0xe ./src/lib/pico-sdk/src/rp2_common/hardware_irq/irq.o
 .text.__mem_fence_acquire
                0x10000e2e        0xe ./src/lib/pico-sdk/src/rp2_common/hardware_irq/irq.o
 .text.__mem_fence_release
                0x10000e3c        0xe ./src/lib/pico-sdk/src/rp2_common/hardware_irq/irq.o
 .text.save_and_disable_interrupts
                0x10000e4a       0x18 ./src/lib/pico-sdk/src/rp2_common/hardware_irq/irq.o
 .text.restore_interrupts
                0x10000e62       0x16 ./src/lib/pico-sdk/src/rp2_common/hardware_irq/irq.o
 .text.spin_lock_instance
                0x10000e78       0x20 ./src/lib/pico-sdk/src/rp2_common/hardware_irq/irq.o
 .text.spin_lock_unsafe_blocking
                0x10000e98       0x24 ./src/lib/pico-sdk/src/rp2_common/hardware_irq/irq.o
 .text.spin_unlock_unsafe
                0x10000ebc       0x1a ./src/lib/pico-sdk/src/rp2_common/hardware_irq/irq.o
 .text.spin_lock_blocking
                0x10000ed6       0x22 ./src/lib/pico-sdk/src/rp2_common/hardware_irq/irq.o
 .text.spin_unlock
                0x10000ef8       0x22 ./src/lib/pico-sdk/src/rp2_common/hardware_irq/irq.o
 *fill*         0x10000f1a        0x2 
 .text.get_vtable
                0x10000f1c       0x14 ./src/lib/pico-sdk/src/rp2_common/hardware_irq/irq.o
 .text.add_thumb_bit
                0x10000f30       0x16 ./src/lib/pico-sdk/src/rp2_common/hardware_irq/irq.o
 .text.remove_thumb_bit
                0x10000f46       0x16 ./src/lib/pico-sdk/src/rp2_common/hardware_irq/irq.o
 .text.set_raw_irq_handler_and_unlock
                0x10000f5c       0x3c ./src/lib/pico-sdk/src/rp2_common/hardware_irq/irq.o
 .text.check_irq_param
                0x10000f98       0x10 ./src/lib/pico-sdk/src/rp2_common/hardware_irq/irq.o
 .text.irq_set_enabled
                0x10000fa8       0x30 ./src/lib/pico-sdk/src/rp2_common/hardware_irq/irq.o
                0x10000fa8                irq_set_enabled
 .text.irq_is_enabled
                0x10000fd8       0x30 ./src/lib/pico-sdk/src/rp2_common/hardware_irq/irq.o
                0x10000fd8                irq_is_enabled
 .text.irq_set_mask_enabled
                0x10001008       0x40 ./src/lib/pico-sdk/src/rp2_common/hardware_irq/irq.o
                0x10001008                irq_set_mask_enabled
 .text.is_shared_irq_raw_handler
                0x10001048       0x24 ./src/lib/pico-sdk/src/rp2_common/hardware_irq/irq.o
 .text.irq_get_vtable_handler
                0x1000106c       0x28 ./src/lib/pico-sdk/src/rp2_common/hardware_irq/irq.o
                0x1000106c                irq_get_vtable_handler
 .text.irq_set_exclusive_handler
                0x10001094       0x74 ./src/lib/pico-sdk/src/rp2_common/hardware_irq/irq.o
                0x10001094                irq_set_exclusive_handler
 .text.make_branch
                0x10001108       0x58 ./src/lib/pico-sdk/src/rp2_common/hardware_irq/irq.o
 .text.insert_branch_and_link
                0x10001160       0x74 ./src/lib/pico-sdk/src/rp2_common/hardware_irq/irq.o
 .text.resolve_branch
                0x100011d4       0x5c ./src/lib/pico-sdk/src/rp2_common/hardware_irq/irq.o
 .text.irq_remove_handler
                0x10001230      0x22c ./src/lib/pico-sdk/src/rp2_common/hardware_irq/irq.o
                0x10001230                irq_remove_handler
 .text.irq_set_priority
                0x1000145c       0x5c ./src/lib/pico-sdk/src/rp2_common/hardware_irq/irq.o
                0x1000145c                irq_set_priority
 .text.irq_add_tail_to_free_list
                0x100014b8      0x178 ./src/lib/pico-sdk/src/rp2_common/hardware_irq/irq.o
                0x100014b8                irq_add_tail_to_free_list
 .text.irq_init_priorities
                0x10001630       0x2a ./src/lib/pico-sdk/src/rp2_common/hardware_irq/irq.o
                0x10001630                irq_init_priorities
 .text.hw_xor_bits
                0x1000165a       0x1e ./src/lib/pico-sdk/src/rp2_common/hardware_gpio/gpio.o
 .text.hw_write_masked
                0x10001678       0x2a ./src/lib/pico-sdk/src/rp2_common/hardware_gpio/gpio.o
 *fill*         0x100016a2        0x2 
 .text.gpio_set_function
                0x100016a4       0x44 ./src/lib/pico-sdk/src/rp2_common/hardware_gpio/gpio.o
                0x100016a4                gpio_set_function
 .text.gpio_init
                0x100016e8       0x36 ./src/lib/pico-sdk/src/rp2_common/hardware_gpio/gpio.o
                0x100016e8                gpio_init
 .text.tight_loop_contents
                0x1000171e        0xa ./src/lib/pico-sdk/src/rp2_common/hardware_clocks/clocks.o
 .text.hw_set_bits
                0x10001728       0x1e ./src/lib/pico-sdk/src/rp2_common/hardware_clocks/clocks.o
 .text.hw_clear_bits
                0x10001746       0x1e ./src/lib/pico-sdk/src/rp2_common/hardware_clocks/clocks.o
 .text.hw_xor_bits
                0x10001764       0x1e ./src/lib/pico-sdk/src/rp2_common/hardware_clocks/clocks.o
 .text.hw_write_masked
                0x10001782       0x2a ./src/lib/pico-sdk/src/rp2_common/hardware_clocks/clocks.o
 .text.reset_block
                0x100017ac       0x20 ./src/lib/pico-sdk/src/rp2_common/hardware_clocks/clocks.o
 .text.unreset_block_wait
                0x100017cc       0x34 ./src/lib/pico-sdk/src/rp2_common/hardware_clocks/clocks.o
 .text.has_glitchless_mux
                0x10001800       0x32 ./src/lib/pico-sdk/src/rp2_common/hardware_clocks/clocks.o
 *fill*         0x10001832        0x2 
 .text.clock_configure
                0x10001834      0x1a4 ./src/lib/pico-sdk/src/rp2_common/hardware_clocks/clocks.o
                0x10001834                clock_configure
 .text.clocks_init
                0x100019d8      0x148 ./src/lib/pico-sdk/src/rp2_common/hardware_clocks/clocks.o
                0x100019d8                clocks_init
 .text.__dmb    0x10001b20        0xe ./src/lib/pico-sdk/src/rp2_common/hardware_claim/claim.o
 .text.__mem_fence_acquire
                0x10001b2e        0xe ./src/lib/pico-sdk/src/rp2_common/hardware_claim/claim.o
 .text.__mem_fence_release
                0x10001b3c        0xe ./src/lib/pico-sdk/src/rp2_common/hardware_claim/claim.o
 .text.save_and_disable_interrupts
                0x10001b4a       0x18 ./src/lib/pico-sdk/src/rp2_common/hardware_claim/claim.o
 .text.restore_interrupts
                0x10001b62       0x16 ./src/lib/pico-sdk/src/rp2_common/hardware_claim/claim.o
 .text.spin_lock_instance
                0x10001b78       0x20 ./src/lib/pico-sdk/src/rp2_common/hardware_claim/claim.o
 .text.spin_lock_unsafe_blocking
                0x10001b98       0x24 ./src/lib/pico-sdk/src/rp2_common/hardware_claim/claim.o
 .text.spin_unlock_unsafe
                0x10001bbc       0x1a ./src/lib/pico-sdk/src/rp2_common/hardware_claim/claim.o
 .text.spin_lock_blocking
                0x10001bd6       0x22 ./src/lib/pico-sdk/src/rp2_common/hardware_claim/claim.o
 .text.spin_unlock
                0x10001bf8       0x22 ./src/lib/pico-sdk/src/rp2_common/hardware_claim/claim.o
 .text.hw_claim_lock
                0x10001c1a       0x1a ./src/lib/pico-sdk/src/rp2_common/hardware_claim/claim.o
                0x10001c1a                hw_claim_lock
 .text.hw_claim_unlock
                0x10001c34       0x22 ./src/lib/pico-sdk/src/rp2_common/hardware_claim/claim.o
                0x10001c34                hw_claim_unlock
 .text.hw_claim_or_assert
                0x10001c56       0x72 ./src/lib/pico-sdk/src/rp2_common/hardware_claim/claim.o
                0x10001c56                hw_claim_or_assert
 .text.ph_get_node
                0x10001cc8       0x54 ./src/lib/pico-sdk/src/common/pico_util/pheap.o
 .text.ph_add_child_node
                0x10001d1c       0xc4 ./src/lib/pico-sdk/src/common/pico_util/pheap.o
 .text.ph_merge_nodes
                0x10001de0       0x7e ./src/lib/pico-sdk/src/common/pico_util/pheap.o
 .text.ph_peek_head
                0x10001e5e       0x14 ./src/lib/pico-sdk/src/common/pico_util/pheap.o
 .text.ph_remove_head
                0x10001e72       0x1c ./src/lib/pico-sdk/src/common/pico_util/pheap.o
 .text.ph_create
                0x10001e8e       0x50 ./src/lib/pico-sdk/src/common/pico_util/pheap.o
                0x10001e8e                ph_create
 .text.ph_clear
                0x10001ede       0x6a ./src/lib/pico-sdk/src/common/pico_util/pheap.o
                0x10001ede                ph_clear
 .text.ph_merge_two_pass
                0x10001f48       0xd0 ./src/lib/pico-sdk/src/common/pico_util/pheap.o
                0x10001f48                ph_merge_two_pass
 .text.ph_remove_any_head
                0x10002018      0x120 ./src/lib/pico-sdk/src/common/pico_util/pheap.o
 .text.ph_remove_head_reserve
                0x10002138       0x46 ./src/lib/pico-sdk/src/common/pico_util/pheap.o
                0x10002138                ph_remove_head_reserve
 *fill*         0x1000217e        0x2 
 .text.ph_delete
                0x10002180      0x154 ./src/lib/pico-sdk/src/common/pico_util/pheap.o
                0x10002180                ph_delete
 .text.to_us_since_boot
                0x100022d4       0x18 ./src/lib/pico-sdk/src/common/pico_time/time.o
 .text.update_us_since_boot
                0x100022ec       0x1e ./src/lib/pico-sdk/src/common/pico_time/time.o
 *fill*         0x1000230a        0x2 
 .text.time_reached
                0x1000230c       0x64 ./src/lib/pico-sdk/src/common/pico_time/time.o
 .text.get_absolute_time
                0x10002370       0x30 ./src/lib/pico-sdk/src/common/pico_time/time.o
 .text.delayed_by_us
                0x100023a0       0x76 ./src/lib/pico-sdk/src/common/pico_time/time.o
 .text.make_timeout_time_us
                0x10002416       0x34 ./src/lib/pico-sdk/src/common/pico_time/time.o
 .text.absolute_time_diff_us
                0x1000244a       0x40 ./src/lib/pico-sdk/src/common/pico_time/time.o
 .text.add_alarm_at
                0x1000248a       0x3c ./src/lib/pico-sdk/src/common/pico_time/time.o
 *fill*         0x100024c6        0x2 
 .text.ph_get_node
                0x100024c8       0x54 ./src/lib/pico-sdk/src/common/pico_time/time.o
 .text.ph_add_child_node
                0x1000251c       0xc4 ./src/lib/pico-sdk/src/common/pico_time/time.o
 .text.ph_merge_nodes
                0x100025e0       0x7e ./src/lib/pico-sdk/src/common/pico_time/time.o
 .text.ph_new_node
                0x1000265e       0x50 ./src/lib/pico-sdk/src/common/pico_time/time.o
 *fill*         0x100026ae        0x2 
 .text.ph_insert
                0x100026b0       0x7c ./src/lib/pico-sdk/src/common/pico_time/time.o
 .text.ph_peek_head
                0x1000272c       0x14 ./src/lib/pico-sdk/src/common/pico_time/time.o
 .text.ph_contains
                0x10002740       0x46 ./src/lib/pico-sdk/src/common/pico_time/time.o
 *fill*         0x10002786        0x2 
 .text.ph_add_to_free_list
                0x10002788       0x70 ./src/lib/pico-sdk/src/common/pico_time/time.o
 .text.__sev    0x100027f8        0xc ./src/lib/pico-sdk/src/common/pico_time/time.o
 .text.__wfe    0x10002804        0xc ./src/lib/pico-sdk/src/common/pico_time/time.o
 .text.__dmb    0x10002810        0xe ./src/lib/pico-sdk/src/common/pico_time/time.o
 .text.__mem_fence_acquire
                0x1000281e        0xe ./src/lib/pico-sdk/src/common/pico_time/time.o
 .text.__mem_fence_release
                0x1000282c        0xe ./src/lib/pico-sdk/src/common/pico_time/time.o
 .text.save_and_disable_interrupts
                0x1000283a       0x18 ./src/lib/pico-sdk/src/common/pico_time/time.o
 .text.restore_interrupts
                0x10002852       0x16 ./src/lib/pico-sdk/src/common/pico_time/time.o
 .text.spin_lock_instance
                0x10002868       0x20 ./src/lib/pico-sdk/src/common/pico_time/time.o
 .text.spin_lock_unsafe_blocking
                0x10002888       0x24 ./src/lib/pico-sdk/src/common/pico_time/time.o
 .text.spin_unlock_unsafe
                0x100028ac       0x1a ./src/lib/pico-sdk/src/common/pico_time/time.o
 .text.spin_lock_blocking
                0x100028c6       0x22 ./src/lib/pico-sdk/src/common/pico_time/time.o
 .text.spin_unlock
                0x100028e8       0x22 ./src/lib/pico-sdk/src/common/pico_time/time.o
 *fill*         0x1000290a        0x2 
 .text.alarm_pool_init_default
                0x1000290c       0x24 ./src/lib/pico-sdk/src/common/pico_time/time.o
                0x1000290c                alarm_pool_init_default
 .text.alarm_pool_get_default
                0x10002930       0x34 ./src/lib/pico-sdk/src/common/pico_time/time.o
                0x10002930                alarm_pool_get_default
 .text.get_entry
                0x10002964       0x5c ./src/lib/pico-sdk/src/common/pico_time/time.o
 .text.get_entry_id_high
                0x100029c0       0x50 ./src/lib/pico-sdk/src/common/pico_time/time.o
 .text.timer_pool_entry_comparator
                0x10002a10       0x76 ./src/lib/pico-sdk/src/common/pico_time/time.o
                0x10002a10                timer_pool_entry_comparator
 .text.make_public_id
                0x10002a86       0x26 ./src/lib/pico-sdk/src/common/pico_time/time.o
 .text.add_alarm_under_lock
                0x10002aac      0x108 ./src/lib/pico-sdk/src/common/pico_time/time.o
 .text.alarm_pool_alarm_callback
                0x10002bb4      0x300 ./src/lib/pico-sdk/src/common/pico_time/time.o
 .text.alarm_pool_create
                0x10002eb4       0xa0 ./src/lib/pico-sdk/src/common/pico_time/time.o
                0x10002eb4                alarm_pool_create
 .text.alarm_pool_add_alarm_at
                0x10002f54      0x14c ./src/lib/pico-sdk/src/common/pico_time/time.o
                0x10002f54                alarm_pool_add_alarm_at
 .text.sev_callback
                0x100030a0       0x1c ./src/lib/pico-sdk/src/common/pico_time/time.o
 .text.sleep_until
                0x100030bc       0xd8 ./src/lib/pico-sdk/src/common/pico_time/time.o
                0x100030bc                sleep_until
 .text.sleep_us
                0x10003194       0x30 ./src/lib/pico-sdk/src/common/pico_time/time.o
                0x10003194                sleep_us
 .text.sleep_ms
                0x100031c4       0x32 ./src/lib/pico-sdk/src/common/pico_time/time.o
                0x100031c4                sleep_ms
 *fill*         0x100031f6        0x2 
 .text.spin_lock_instance
                0x100031f8       0x20 ./src/lib/pico-sdk/src/common/pico_sync/lock_core.o
 .text.lock_init
                0x10003218       0x40 ./src/lib/pico-sdk/src/common/pico_sync/lock_core.o
                0x10003218                lock_init
 .text.__dmb    0x10003258        0xe ./src/lib/pico-sdk/src/common/pico_sync/mutex.o
 .text.__mem_fence_release
                0x10003266        0xe ./src/lib/pico-sdk/src/common/pico_sync/mutex.o
 .text.mutex_init
                0x10003274       0x2a ./src/lib/pico-sdk/src/common/pico_sync/mutex.o
                0x10003274                mutex_init
 .text.gpio_set_mask
                0x1000329e       0x18 ./src/hw/driver/led.o
 .text.gpio_clr_mask
                0x100032b6       0x18 ./src/hw/driver/led.o
 .text.gpio_xor_mask
                0x100032ce       0x18 ./src/hw/driver/led.o
 .text.gpio_put
                0x100032e6       0x3a ./src/hw/driver/led.o
 .text.gpio_set_dir_out_masked
                0x10003320       0x18 ./src/hw/driver/led.o
 .text.gpio_set_dir_in_masked
                0x10003338       0x18 ./src/hw/driver/led.o
 .text.gpio_set_dir
                0x10003350       0x3a ./src/hw/driver/led.o
 *fill*         0x1000338a        0x2 
 .text.ledInit  0x1000338c       0x58 ./src/hw/driver/led.o
                0x1000338c                ledInit
 .text.ledOff   0x100033e4       0x48 ./src/hw/driver/led.o
                0x100033e4                ledOff
 .text.ledToggle
                0x1000342c       0x38 ./src/hw/driver/led.o
                0x1000342c                ledToggle
 .text.hwInit   0x10003464       0x12 ./src/hw/hw.o
                0x10003464                hwInit
 .text.bspInit  0x10003476        0xa ./src/bsp/bsp.o
                0x10003476                bspInit
 .text.delay    0x10003480       0x18 ./src/bsp/bsp.o
                0x10003480                delay
 .text.apInit   0x10003498        0xa ./src/ap/ap.o
                0x10003498                apInit
 .text.apMain   0x100034a2       0x16 ./src/ap/ap.o
                0x100034a2                apMain
 .text.main     0x100034b8       0x18 ./src/main.o
                0x100034b8                main
 .text.calloc   0x100034d0       0x18 c:/tools/gcc-arm-none-eabi-7-2018-q2-update-win32/bin/../lib/gcc/arm-none-eabi/7.3.1/../../../../arm-none-eabi/lib/thumb/v6-m\libg.a(lib_a-calloc.o)
                0x100034d0                calloc
 .text._calloc_r
                0x100034e8       0x58 c:/tools/gcc-arm-none-eabi-7-2018-q2-update-win32/bin/../lib/gcc/arm-none-eabi/7.3.1/../../../../arm-none-eabi/lib/thumb/v6-m\libg.a(lib_a-callocr.o)
                0x100034e8                _calloc_r
 .text.malloc   0x10003540       0x14 c:/tools/gcc-arm-none-eabi-7-2018-q2-update-win32/bin/../lib/gcc/arm-none-eabi/7.3.1/../../../../arm-none-eabi/lib/thumb/v6-m\libg.a(lib_a-malloc.o)
                0x10003540                malloc
 .text._malloc_r
                0x10003554      0x554 c:/tools/gcc-arm-none-eabi-7-2018-q2-update-win32/bin/../lib/gcc/arm-none-eabi/7.3.1/../../../../arm-none-eabi/lib/thumb/v6-m\libg.a(lib_a-mallocr.o)
                0x10003554                _malloc_r
 .text.memcpy   0x10003aa8       0x88 c:/tools/gcc-arm-none-eabi-7-2018-q2-update-win32/bin/../lib/gcc/arm-none-eabi/7.3.1/../../../../arm-none-eabi/lib/thumb/v6-m\libg.a(lib_a-memcpy-stub.o)
                0x10003aa8                memcpy
 .text.memset   0x10003b30       0x9c c:/tools/gcc-arm-none-eabi-7-2018-q2-update-win32/bin/../lib/gcc/arm-none-eabi/7.3.1/../../../../arm-none-eabi/lib/thumb/v6-m\libg.a(lib_a-memset.o)
                0x10003b30                memset
 .text.__malloc_lock
                0x10003bcc       0x10 c:/tools/gcc-arm-none-eabi-7-2018-q2-update-win32/bin/../lib/gcc/arm-none-eabi/7.3.1/../../../../arm-none-eabi/lib/thumb/v6-m\libg.a(lib_a-mlock.o)
                0x10003bcc                __malloc_lock
 .text.__malloc_unlock
                0x10003bdc       0x10 c:/tools/gcc-arm-none-eabi-7-2018-q2-update-win32/bin/../lib/gcc/arm-none-eabi/7.3.1/../../../../arm-none-eabi/lib/thumb/v6-m\libg.a(lib_a-mlock.o)
                0x10003bdc                __malloc_unlock
 .text.printf   0x10003bec       0x24 c:/tools/gcc-arm-none-eabi-7-2018-q2-update-win32/bin/../lib/gcc/arm-none-eabi/7.3.1/../../../../arm-none-eabi/lib/thumb/v6-m\libg.a(lib_a-printf.o)
                0x10003bec                printf
 .text._puts_r  0x10003c10       0xa0 c:/tools/gcc-arm-none-eabi-7-2018-q2-update-win32/bin/../lib/gcc/arm-none-eabi/7.3.1/../../../../arm-none-eabi/lib/thumb/v6-m\libg.a(lib_a-puts.o)
                0x10003c10                _puts_r
 .text.puts     0x10003cb0       0x14 c:/tools/gcc-arm-none-eabi-7-2018-q2-update-win32/bin/../lib/gcc/arm-none-eabi/7.3.1/../../../../arm-none-eabi/lib/thumb/v6-m\libg.a(lib_a-puts.o)
                0x10003cb0                puts
 .text._sbrk_r  0x10003cc4       0x24 c:/tools/gcc-arm-none-eabi-7-2018-q2-update-win32/bin/../lib/gcc/arm-none-eabi/7.3.1/../../../../arm-none-eabi/lib/thumb/v6-m\libg.a(lib_a-sbrkr.o)
                0x10003cc4                _sbrk_r
 .text.strlen   0x10003ce8       0x64 c:/tools/gcc-arm-none-eabi-7-2018-q2-update-win32/bin/../lib/gcc/arm-none-eabi/7.3.1/../../../../arm-none-eabi/lib/thumb/v6-m\libg.a(lib_a-strlen-stub.o)
                0x10003ce8                strlen
 .text._vfprintf_r
                0x10003d4c     0x1c10 c:/tools/gcc-arm-none-eabi-7-2018-q2-update-win32/bin/../lib/gcc/arm-none-eabi/7.3.1/../../../../arm-none-eabi/lib/thumb/v6-m\libg.a(lib_a-vfprintf.o)
                0x10003d4c                _vfprintf_r
 .text.__sbprintf
                0x1000595c       0x88 c:/tools/gcc-arm-none-eabi-7-2018-q2-update-win32/bin/../lib/gcc/arm-none-eabi/7.3.1/../../../../arm-none-eabi/lib/thumb/v6-m\libg.a(lib_a-vfprintf.o)
 .text.vprintf  0x100059e4       0x18 c:/tools/gcc-arm-none-eabi-7-2018-q2-update-win32/bin/../lib/gcc/arm-none-eabi/7.3.1/../../../../arm-none-eabi/lib/thumb/v6-m\libg.a(lib_a-vprintf.o)
                0x100059e4                vprintf
 .text.__swsetup_r
                0x100059fc       0xd4 c:/tools/gcc-arm-none-eabi-7-2018-q2-update-win32/bin/../lib/gcc/arm-none-eabi/7.3.1/../../../../arm-none-eabi/lib/thumb/v6-m\libg.a(lib_a-wsetup.o)
                0x100059fc                __swsetup_r
 .text.quorem   0x10005ad0      0x154 c:/tools/gcc-arm-none-eabi-7-2018-q2-update-win32/bin/../lib/gcc/arm-none-eabi/7.3.1/../../../../arm-none-eabi/lib/thumb/v6-m\libg.a(lib_a-dtoa.o)
 .text._dtoa_r  0x10005c24      0xf4c c:/tools/gcc-arm-none-eabi-7-2018-q2-update-win32/bin/../lib/gcc/arm-none-eabi/7.3.1/../../../../arm-none-eabi/lib/thumb/v6-m\libg.a(lib_a-dtoa.o)
                0x10005c24                _dtoa_r
 .text.__sflush_r
                0x10006b70      0x150 c:/tools/gcc-arm-none-eabi-7-2018-q2-update-win32/bin/../lib/gcc/arm-none-eabi/7.3.1/../../../../arm-none-eabi/lib/thumb/v6-m\libg.a(lib_a-fflush.o)
                0x10006b70                __sflush_r
 .text._fflush_r
                0x10006cc0       0x54 c:/tools/gcc-arm-none-eabi-7-2018-q2-update-win32/bin/../lib/gcc/arm-none-eabi/7.3.1/../../../../arm-none-eabi/lib/thumb/v6-m\libg.a(lib_a-fflush.o)
                0x10006cc0                _fflush_r
 .text.std      0x10006d14       0x50 c:/tools/gcc-arm-none-eabi-7-2018-q2-update-win32/bin/../lib/gcc/arm-none-eabi/7.3.1/../../../../arm-none-eabi/lib/thumb/v6-m\libg.a(lib_a-findfp.o)
 .text._cleanup_r
                0x10006d64       0x10 c:/tools/gcc-arm-none-eabi-7-2018-q2-update-win32/bin/../lib/gcc/arm-none-eabi/7.3.1/../../../../arm-none-eabi/lib/thumb/v6-m\libg.a(lib_a-findfp.o)
                0x10006d64                _cleanup_r
 .text.__sinit  0x10006d74       0x60 c:/tools/gcc-arm-none-eabi-7-2018-q2-update-win32/bin/../lib/gcc/arm-none-eabi/7.3.1/../../../../arm-none-eabi/lib/thumb/v6-m\libg.a(lib_a-findfp.o)
                0x10006d74                __sinit
 .text.__sfp_lock_acquire
                0x10006dd4       0x10 c:/tools/gcc-arm-none-eabi-7-2018-q2-update-win32/bin/../lib/gcc/arm-none-eabi/7.3.1/../../../../arm-none-eabi/lib/thumb/v6-m\libg.a(lib_a-findfp.o)
                0x10006dd4                __sfp_lock_acquire
 .text.__sfp_lock_release
                0x10006de4       0x10 c:/tools/gcc-arm-none-eabi-7-2018-q2-update-win32/bin/../lib/gcc/arm-none-eabi/7.3.1/../../../../arm-none-eabi/lib/thumb/v6-m\libg.a(lib_a-findfp.o)
                0x10006de4                __sfp_lock_release
 .text._malloc_trim_r
                0x10006df4       0xa0 c:/tools/gcc-arm-none-eabi-7-2018-q2-update-win32/bin/../lib/gcc/arm-none-eabi/7.3.1/../../../../arm-none-eabi/lib/thumb/v6-m\libg.a(lib_a-freer.o)
                0x10006df4                _malloc_trim_r
 .text._free_r  0x10006e94      0x1d4 c:/tools/gcc-arm-none-eabi-7-2018-q2-update-win32/bin/../lib/gcc/arm-none-eabi/7.3.1/../../../../arm-none-eabi/lib/thumb/v6-m\libg.a(lib_a-freer.o)
                0x10006e94                _free_r
 .text.__sfvwrite_r
                0x10007068      0x2fc c:/tools/gcc-arm-none-eabi-7-2018-q2-update-win32/bin/../lib/gcc/arm-none-eabi/7.3.1/../../../../arm-none-eabi/lib/thumb/v6-m\libg.a(lib_a-fvwrite.o)
                0x10007068                __sfvwrite_r
 .text._fwalk_reent
                0x10007364       0x4c c:/tools/gcc-arm-none-eabi-7-2018-q2-update-win32/bin/../lib/gcc/arm-none-eabi/7.3.1/../../../../arm-none-eabi/lib/thumb/v6-m\libg.a(lib_a-fwalk.o)
                0x10007364                _fwalk_reent
 .text._localeconv_r
                0x100073b0       0x18 c:/tools/gcc-arm-none-eabi-7-2018-q2-update-win32/bin/../lib/gcc/arm-none-eabi/7.3.1/../../../../arm-none-eabi/lib/thumb/v6-m\libg.a(lib_a-localeconv.o)
                0x100073b0                _localeconv_r
 .text.__retarget_lock_init_recursive
                0x100073c8        0x4 c:/tools/gcc-arm-none-eabi-7-2018-q2-update-win32/bin/../lib/gcc/arm-none-eabi/7.3.1/../../../../arm-none-eabi/lib/thumb/v6-m\libg.a(lib_a-lock.o)
                0x100073c8                __retarget_lock_init_recursive
 .text.__retarget_lock_close_recursive
                0x100073cc        0x4 c:/tools/gcc-arm-none-eabi-7-2018-q2-update-win32/bin/../lib/gcc/arm-none-eabi/7.3.1/../../../../arm-none-eabi/lib/thumb/v6-m\libg.a(lib_a-lock.o)
                0x100073cc                __retarget_lock_close_recursive
 .text.__retarget_lock_acquire_recursive
                0x100073d0        0x4 c:/tools/gcc-arm-none-eabi-7-2018-q2-update-win32/bin/../lib/gcc/arm-none-eabi/7.3.1/../../../../arm-none-eabi/lib/thumb/v6-m\libg.a(lib_a-lock.o)
                0x100073d0                __retarget_lock_acquire_recursive
 .text.__retarget_lock_release_recursive
                0x100073d4        0x4 c:/tools/gcc-arm-none-eabi-7-2018-q2-update-win32/bin/../lib/gcc/arm-none-eabi/7.3.1/../../../../arm-none-eabi/lib/thumb/v6-m\libg.a(lib_a-lock.o)
                0x100073d4                __retarget_lock_release_recursive
 .text.__swhatbuf_r
                0x100073d8       0x60 c:/tools/gcc-arm-none-eabi-7-2018-q2-update-win32/bin/../lib/gcc/arm-none-eabi/7.3.1/../../../../arm-none-eabi/lib/thumb/v6-m\libg.a(lib_a-makebuf.o)
                0x100073d8                __swhatbuf_r
 .text.__smakebuf_r
                0x10007438       0x90 c:/tools/gcc-arm-none-eabi-7-2018-q2-update-win32/bin/../lib/gcc/arm-none-eabi/7.3.1/../../../../arm-none-eabi/lib/thumb/v6-m\libg.a(lib_a-makebuf.o)
                0x10007438                __smakebuf_r
 .text.memchr   0x100074c8       0x80 c:/tools/gcc-arm-none-eabi-7-2018-q2-update-win32/bin/../lib/gcc/arm-none-eabi/7.3.1/../../../../arm-none-eabi/lib/thumb/v6-m\libg.a(lib_a-memchr-stub.o)
                0x100074c8                memchr
 .text.memmove  0x10007548       0x9c c:/tools/gcc-arm-none-eabi-7-2018-q2-update-win32/bin/../lib/gcc/arm-none-eabi/7.3.1/../../../../arm-none-eabi/lib/thumb/v6-m\libg.a(lib_a-memmove.o)
                0x10007548                memmove
 .text._Balloc  0x100075e4       0x50 c:/tools/gcc-arm-none-eabi-7-2018-q2-update-win32/bin/../lib/gcc/arm-none-eabi/7.3.1/../../../../arm-none-eabi/lib/thumb/v6-m\libg.a(lib_a-mprec.o)
                0x100075e4                _Balloc
 .text._Bfree   0x10007634       0x14 c:/tools/gcc-arm-none-eabi-7-2018-q2-update-win32/bin/../lib/gcc/arm-none-eabi/7.3.1/../../../../arm-none-eabi/lib/thumb/v6-m\libg.a(lib_a-mprec.o)
                0x10007634                _Bfree
 .text.__multadd
                0x10007648       0x8c c:/tools/gcc-arm-none-eabi-7-2018-q2-update-win32/bin/../lib/gcc/arm-none-eabi/7.3.1/../../../../arm-none-eabi/lib/thumb/v6-m\libg.a(lib_a-mprec.o)
                0x10007648                __multadd
 .text.__hi0bits
                0x100076d4       0x38 c:/tools/gcc-arm-none-eabi-7-2018-q2-update-win32/bin/../lib/gcc/arm-none-eabi/7.3.1/../../../../arm-none-eabi/lib/thumb/v6-m\libg.a(lib_a-mprec.o)
                0x100076d4                __hi0bits
 .text.__lo0bits
                0x1000770c       0x5c c:/tools/gcc-arm-none-eabi-7-2018-q2-update-win32/bin/../lib/gcc/arm-none-eabi/7.3.1/../../../../arm-none-eabi/lib/thumb/v6-m\libg.a(lib_a-mprec.o)
                0x1000770c                __lo0bits
 .text.__i2b    0x10007768       0x14 c:/tools/gcc-arm-none-eabi-7-2018-q2-update-win32/bin/../lib/gcc/arm-none-eabi/7.3.1/../../../../arm-none-eabi/lib/thumb/v6-m\libg.a(lib_a-mprec.o)
                0x10007768                __i2b
 .text.__multiply
                0x1000777c      0x178 c:/tools/gcc-arm-none-eabi-7-2018-q2-update-win32/bin/../lib/gcc/arm-none-eabi/7.3.1/../../../../arm-none-eabi/lib/thumb/v6-m\libg.a(lib_a-mprec.o)
                0x1000777c                __multiply
 .text.__pow5mult
                0x100078f4       0xc0 c:/tools/gcc-arm-none-eabi-7-2018-q2-update-win32/bin/../lib/gcc/arm-none-eabi/7.3.1/../../../../arm-none-eabi/lib/thumb/v6-m\libg.a(lib_a-mprec.o)
                0x100078f4                __pow5mult
 .text.__lshift
                0x100079b4       0xc8 c:/tools/gcc-arm-none-eabi-7-2018-q2-update-win32/bin/../lib/gcc/arm-none-eabi/7.3.1/../../../../arm-none-eabi/lib/thumb/v6-m\libg.a(lib_a-mprec.o)
                0x100079b4                __lshift
 .text.__mcmp   0x10007a7c       0x34 c:/tools/gcc-arm-none-eabi-7-2018-q2-update-win32/bin/../lib/gcc/arm-none-eabi/7.3.1/../../../../arm-none-eabi/lib/thumb/v6-m\libg.a(lib_a-mprec.o)
                0x10007a7c                __mcmp
 .text.__mdiff  0x10007ab0      0x124 c:/tools/gcc-arm-none-eabi-7-2018-q2-update-win32/bin/../lib/gcc/arm-none-eabi/7.3.1/../../../../arm-none-eabi/lib/thumb/v6-m\libg.a(lib_a-mprec.o)
                0x10007ab0                __mdiff
 .text.__d2b    0x10007bd4       0xbc c:/tools/gcc-arm-none-eabi-7-2018-q2-update-win32/bin/../lib/gcc/arm-none-eabi/7.3.1/../../../../arm-none-eabi/lib/thumb/v6-m\libg.a(lib_a-mprec.o)
                0x10007bd4                __d2b
 .text._realloc_r
                0x10007c90      0x3b0 c:/tools/gcc-arm-none-eabi-7-2018-q2-update-win32/bin/../lib/gcc/arm-none-eabi/7.3.1/../../../../arm-none-eabi/lib/thumb/v6-m\libg.a(lib_a-reallocr.o)
                0x10007c90                _realloc_r
 .text.frexp    0x10008040       0x64 c:/tools/gcc-arm-none-eabi-7-2018-q2-update-win32/bin/../lib/gcc/arm-none-eabi/7.3.1/../../../../arm-none-eabi/lib/thumb/v6-m\libg.a(lib_a-s_frexp.o)
                0x10008040                frexp
 .text.__sread  0x100080a4       0x28 c:/tools/gcc-arm-none-eabi-7-2018-q2-update-win32/bin/../lib/gcc/arm-none-eabi/7.3.1/../../../../arm-none-eabi/lib/thumb/v6-m\libg.a(lib_a-stdio.o)
                0x100080a4                __sread
 .text.__swrite
                0x100080cc       0x3c c:/tools/gcc-arm-none-eabi-7-2018-q2-update-win32/bin/../lib/gcc/arm-none-eabi/7.3.1/../../../../arm-none-eabi/lib/thumb/v6-m\libg.a(lib_a-stdio.o)
                0x100080cc                __swrite
 .text.__sseek  0x10008108       0x2c c:/tools/gcc-arm-none-eabi-7-2018-q2-update-win32/bin/../lib/gcc/arm-none-eabi/7.3.1/../../../../arm-none-eabi/lib/thumb/v6-m\libg.a(lib_a-stdio.o)
                0x10008108                __sseek
 .text.__sclose
                0x10008134        0xc c:/tools/gcc-arm-none-eabi-7-2018-q2-update-win32/bin/../lib/gcc/arm-none-eabi/7.3.1/../../../../arm-none-eabi/lib/thumb/v6-m\libg.a(lib_a-stdio.o)
                0x10008134                __sclose
 .text.strncpy  0x10008140       0x8c c:/tools/gcc-arm-none-eabi-7-2018-q2-update-win32/bin/../lib/gcc/arm-none-eabi/7.3.1/../../../../arm-none-eabi/lib/thumb/v6-m\libg.a(lib_a-strncpy.o)
                0x10008140                strncpy
 .text.__sprint_r.part.0
                0x100081cc       0x80 c:/tools/gcc-arm-none-eabi-7-2018-q2-update-win32/bin/../lib/gcc/arm-none-eabi/7.3.1/../../../../arm-none-eabi/lib/thumb/v6-m\libg.a(lib_a-vfiprintf.o)
 .text.__sprint_r
                0x1000824c       0x14 c:/tools/gcc-arm-none-eabi-7-2018-q2-update-win32/bin/../lib/gcc/arm-none-eabi/7.3.1/../../../../arm-none-eabi/lib/thumb/v6-m\libg.a(lib_a-vfiprintf.o)
                0x1000824c                __sprint_r
 .text.__swbuf_r
                0x10008260       0xc8 c:/tools/gcc-arm-none-eabi-7-2018-q2-update-win32/bin/../lib/gcc/arm-none-eabi/7.3.1/../../../../arm-none-eabi/lib/thumb/v6-m\libg.a(lib_a-wbuf.o)
                0x10008260                __swbuf_r
 .text._write_r
                0x10008328       0x28 c:/tools/gcc-arm-none-eabi-7-2018-q2-update-win32/bin/../lib/gcc/arm-none-eabi/7.3.1/../../../../arm-none-eabi/lib/thumb/v6-m\libg.a(lib_a-writer.o)
                0x10008328                _write_r
 .text._close_r
                0x10008350       0x24 c:/tools/gcc-arm-none-eabi-7-2018-q2-update-win32/bin/../lib/gcc/arm-none-eabi/7.3.1/../../../../arm-none-eabi/lib/thumb/v6-m\libg.a(lib_a-closer.o)
                0x10008350                _close_r
 .text._fclose_r
                0x10008374       0xd8 c:/tools/gcc-arm-none-eabi-7-2018-q2-update-win32/bin/../lib/gcc/arm-none-eabi/7.3.1/../../../../arm-none-eabi/lib/thumb/v6-m\libg.a(lib_a-fclose.o)
                0x10008374                _fclose_r
 .text.__fputwc
                0x1000844c       0x94 c:/tools/gcc-arm-none-eabi-7-2018-q2-update-win32/bin/../lib/gcc/arm-none-eabi/7.3.1/../../../../arm-none-eabi/lib/thumb/v6-m\libg.a(lib_a-fputwc.o)
                0x1000844c                __fputwc
 .text._fputwc_r
                0x100084e0       0x5c c:/tools/gcc-arm-none-eabi-7-2018-q2-update-win32/bin/../lib/gcc/arm-none-eabi/7.3.1/../../../../arm-none-eabi/lib/thumb/v6-m\libg.a(lib_a-fputwc.o)
                0x100084e0                _fputwc_r
 .text._fstat_r
                0x1000853c       0x28 c:/tools/gcc-arm-none-eabi-7-2018-q2-update-win32/bin/../lib/gcc/arm-none-eabi/7.3.1/../../../../arm-none-eabi/lib/thumb/v6-m\libg.a(lib_a-fstatr.o)
                0x1000853c                _fstat_r
 .text._isatty_r
                0x10008564       0x24 c:/tools/gcc-arm-none-eabi-7-2018-q2-update-win32/bin/../lib/gcc/arm-none-eabi/7.3.1/../../../../arm-none-eabi/lib/thumb/v6-m\libg.a(lib_a-isattyr.o)
                0x10008564                _isatty_r
 .text.__locale_mb_cur_max
                0x10008588       0x1c c:/tools/gcc-arm-none-eabi-7-2018-q2-update-win32/bin/../lib/gcc/arm-none-eabi/7.3.1/../../../../arm-none-eabi/lib/thumb/v6-m\libg.a(lib_a-locale.o)
                0x10008588                __locale_mb_cur_max
 .text._lseek_r
                0x100085a4       0x28 c:/tools/gcc-arm-none-eabi-7-2018-q2-update-win32/bin/../lib/gcc/arm-none-eabi/7.3.1/../../../../arm-none-eabi/lib/thumb/v6-m\libg.a(lib_a-lseekr.o)
                0x100085a4                _lseek_r
 .text.__ascii_mbtowc
                0x100085cc       0x2c c:/tools/gcc-arm-none-eabi-7-2018-q2-update-win32/bin/../lib/gcc/arm-none-eabi/7.3.1/../../../../arm-none-eabi/lib/thumb/v6-m\libg.a(lib_a-mbtowc_r.o)
                0x100085cc                __ascii_mbtowc
 .text._read_r  0x100085f8       0x28 c:/tools/gcc-arm-none-eabi-7-2018-q2-update-win32/bin/../lib/gcc/arm-none-eabi/7.3.1/../../../../arm-none-eabi/lib/thumb/v6-m\libg.a(lib_a-readr.o)
                0x100085f8                _read_r
 .text._wcrtomb_r
                0x10008620       0x58 c:/tools/gcc-arm-none-eabi-7-2018-q2-update-win32/bin/../lib/gcc/arm-none-eabi/7.3.1/../../../../arm-none-eabi/lib/thumb/v6-m\libg.a(lib_a-wcrtomb.o)
                0x10008620                _wcrtomb_r
 .text.__ascii_wctomb
                0x10008678       0x1c c:/tools/gcc-arm-none-eabi-7-2018-q2-update-win32/bin/../lib/gcc/arm-none-eabi/7.3.1/../../../../arm-none-eabi/lib/thumb/v6-m\libg.a(lib_a-wctomb_r.o)
                0x10008678                __ascii_wctomb
 .text._close   0x10008694       0x10 c:/tools/gcc-arm-none-eabi-7-2018-q2-update-win32/bin/../lib/gcc/arm-none-eabi/7.3.1/../../../../arm-none-eabi/lib/thumb/v6-m\libnosys.a(close.o)
                0x10008694                _close
 .text._fstat   0x100086a4       0x10 c:/tools/gcc-arm-none-eabi-7-2018-q2-update-win32/bin/../lib/gcc/arm-none-eabi/7.3.1/../../../../arm-none-eabi/lib/thumb/v6-m\libnosys.a(fstat.o)
                0x100086a4                _fstat
 .text._isatty  0x100086b4       0x10 c:/tools/gcc-arm-none-eabi-7-2018-q2-update-win32/bin/../lib/gcc/arm-none-eabi/7.3.1/../../../../arm-none-eabi/lib/thumb/v6-m\libnosys.a(isatty.o)
                0x100086b4                _isatty
 .text._lseek   0x100086c4       0x10 c:/tools/gcc-arm-none-eabi-7-2018-q2-update-win32/bin/../lib/gcc/arm-none-eabi/7.3.1/../../../../arm-none-eabi/lib/thumb/v6-m\libnosys.a(lseek.o)
                0x100086c4                _lseek
 .text._read    0x100086d4       0x10 c:/tools/gcc-arm-none-eabi-7-2018-q2-update-win32/bin/../lib/gcc/arm-none-eabi/7.3.1/../../../../arm-none-eabi/lib/thumb/v6-m\libnosys.a(read.o)
                0x100086d4                _read
 .text._write   0x100086e4       0x10 c:/tools/gcc-arm-none-eabi-7-2018-q2-update-win32/bin/../lib/gcc/arm-none-eabi/7.3.1/../../../../arm-none-eabi/lib/thumb/v6-m\libnosys.a(write.o)
                0x100086e4                _write
 *(.fini)
 .fini          0x100086f4        0x4 c:/tools/gcc-arm-none-eabi-7-2018-q2-update-win32/bin/../lib/gcc/arm-none-eabi/7.3.1/thumb/v6-m/crti.o
                0x100086f4                _fini
 .fini.__stub   0x100086f8      0x120 linker stubs
 *crtbegin.o(.ctors)
 *crtbegin?.o(.ctors)
 *(EXCLUDE_FILE(*crtend.o *crtend?.o) .ctors)
 *(SORT_BY_NAME(.ctors.*))
 *(.ctors)
 *crtbegin.o(.dtors)
 *crtbegin?.o(.dtors)
 *(EXCLUDE_FILE(*crtend.o *crtend?.o) .dtors)
 *(SORT_BY_NAME(.dtors.*))
 *(.dtors)
 *(.eh_frame*)
 .eh_frame      0x10008818        0x0 c:/tools/gcc-arm-none-eabi-7-2018-q2-update-win32/bin/../lib/gcc/arm-none-eabi/7.3.1/thumb/v6-m/crtbegin.o
                0x10008818                . = ALIGN (0x4)

.glue_7         0x10008818        0x0
 .glue_7        0x10008818        0x0 linker stubs

.glue_7t        0x10008818        0x0
 .glue_7t       0x10008818        0x0 linker stubs

.vfp11_veneer   0x10008818        0x0
 .vfp11_veneer  0x10008818        0x0 linker stubs

.v4_bx          0x10008818        0x0
 .v4_bx         0x10008818        0x0 linker stubs

.iplt           0x10008818        0x0
 .iplt          0x10008818        0x0 c:/tools/gcc-arm-none-eabi-7-2018-q2-update-win32/bin/../lib/gcc/arm-none-eabi/7.3.1/thumb/v6-m/crtbegin.o

.rodata         0x10008818      0xe40
 *(EXCLUDE_FILE(*libm.a: *libc.a:*lib_a-mem*.o *libgcc.a:) .rodata*)
 .rodata        0x10008818       0x74 ./src/lib/pico-sdk/src/rp2_common/pico_runtime/runtime.o
 .rodata        0x1000888c       0x82 ./src/lib/pico-sdk/src/rp2_common/hardware_timer/timer.o
 *fill*         0x1000890e        0x2 
 .rodata.__func__.6105
                0x10008910       0x1a ./src/lib/pico-sdk/src/rp2_common/hardware_timer/timer.o
 *fill*         0x1000892a        0x2 
 .rodata        0x1000892c       0xd3 ./src/lib/pico-sdk/src/rp2_common/hardware_pll/pll.o
 *fill*         0x100089ff        0x1 
 .rodata.__func__.5975
                0x10008a00        0x9 ./src/lib/pico-sdk/src/rp2_common/hardware_pll/pll.o
 *fill*         0x10008a09        0x3 
 .rodata        0x10008a0c      0x1c2 ./src/lib/pico-sdk/src/rp2_common/hardware_irq/irq.o
 *fill*         0x10008bce        0x2 
 .rodata.__func__.6066
                0x10008bd0       0x1a ./src/lib/pico-sdk/src/rp2_common/hardware_irq/irq.o
 *fill*         0x10008bea        0x2 
 .rodata.__func__.6080
                0x10008bec        0xc ./src/lib/pico-sdk/src/rp2_common/hardware_irq/irq.o
 .rodata.__func__.6088
                0x10008bf8       0x17 ./src/lib/pico-sdk/src/rp2_common/hardware_irq/irq.o
 *fill*         0x10008c0f        0x1 
 .rodata.__func__.6092
                0x10008c10        0xf ./src/lib/pico-sdk/src/rp2_common/hardware_irq/irq.o
 *fill*         0x10008c1f        0x1 
 .rodata.__func__.6128
                0x10008c20       0x13 ./src/lib/pico-sdk/src/rp2_common/hardware_irq/irq.o
 *fill*         0x10008c33        0x1 
 .rodata.__func__.6147
                0x10008c34       0x1a ./src/lib/pico-sdk/src/rp2_common/hardware_irq/irq.o
 *fill*         0x10008c4e        0x2 
 .rodata        0x10008c50       0xf3 ./src/lib/pico-sdk/src/rp2_common/hardware_clocks/clocks.o
 *fill*         0x10008d43        0x1 
 .rodata.__func__.6241
                0x10008d44       0x10 ./src/lib/pico-sdk/src/rp2_common/hardware_clocks/clocks.o
 .rodata        0x10008d54      0x18b ./src/lib/pico-sdk/src/common/pico_util/pheap.o
 *fill*         0x10008edf        0x1 
 .rodata.__func__.5884
                0x10008ee0       0x12 ./src/lib/pico-sdk/src/common/pico_util/pheap.o
 *fill*         0x10008ef2        0x2 
 .rodata.__func__.5877
                0x10008ef4        0xc ./src/lib/pico-sdk/src/common/pico_util/pheap.o
 .rodata.__func__.5957
                0x10008f00       0x13 ./src/lib/pico-sdk/src/common/pico_util/pheap.o
 *fill*         0x10008f13        0x1 
 .rodata.__func__.5975
                0x10008f14        0xa ./src/lib/pico-sdk/src/common/pico_util/pheap.o
 *fill*         0x10008f1e        0x2 
 .rodata        0x10008f20      0x223 ./src/lib/pico-sdk/src/common/pico_time/time.o
 *fill*         0x10009143        0x1 
 .rodata.__func__.6103
                0x10009144       0x12 ./src/lib/pico-sdk/src/common/pico_time/time.o
 *fill*         0x10009156        0x2 
 .rodata.__func__.6096
                0x10009158        0xc ./src/lib/pico-sdk/src/common/pico_time/time.o
 .rodata.__func__.6410
                0x10009164       0x17 ./src/lib/pico-sdk/src/common/pico_time/time.o
 *fill*         0x1000917b        0x1 
 .rodata.__func__.6415
                0x1000917c        0xa ./src/lib/pico-sdk/src/common/pico_time/time.o
 *fill*         0x10009186        0x2 
 .rodata.__func__.6441
                0x10009188       0x15 ./src/lib/pico-sdk/src/common/pico_time/time.o
 *fill*         0x1000919d        0x3 
 .rodata.__func__.6118
                0x100091a0        0xa ./src/lib/pico-sdk/src/common/pico_time/time.o
 *fill*         0x100091aa        0x2 
 .rodata.__func__.6458
                0x100091ac       0x1a ./src/lib/pico-sdk/src/common/pico_time/time.o
 *fill*         0x100091c6        0x2 
 .rodata.__func__.6140
                0x100091c8       0x14 ./src/lib/pico-sdk/src/common/pico_time/time.o
 .rodata.__func__.6420
                0x100091dc       0x12 ./src/lib/pico-sdk/src/common/pico_time/time.o
 *fill*         0x100091ee        0x2 
 .rodata        0x100091f0       0x61 ./src/lib/pico-sdk/src/common/pico_sync/lock_core.o
 *fill*         0x10009251        0x3 
 .rodata.__func__.5947
                0x10009254        0xa ./src/lib/pico-sdk/src/common/pico_sync/lock_core.o
 *fill*         0x1000925e        0x2 
 .rodata._puts_r.str1.4
                0x10009260        0x2 c:/tools/gcc-arm-none-eabi-7-2018-q2-update-win32/bin/../lib/gcc/arm-none-eabi/7.3.1/../../../../arm-none-eabi/lib/thumb/v6-m\libg.a(lib_a-puts.o)
 *fill*         0x10009262        0x2 
 .rodata._vfprintf_r
                0x10009264      0x16c c:/tools/gcc-arm-none-eabi-7-2018-q2-update-win32/bin/../lib/gcc/arm-none-eabi/7.3.1/../../../../arm-none-eabi/lib/thumb/v6-m\libg.a(lib_a-vfprintf.o)
 .rodata._vfprintf_r.str1.4
                0x100093d0       0x42 c:/tools/gcc-arm-none-eabi-7-2018-q2-update-win32/bin/../lib/gcc/arm-none-eabi/7.3.1/../../../../arm-none-eabi/lib/thumb/v6-m\libg.a(lib_a-vfprintf.o)
 *fill*         0x10009412        0x2 
 .rodata.blanks.7330
                0x10009414       0x10 c:/tools/gcc-arm-none-eabi-7-2018-q2-update-win32/bin/../lib/gcc/arm-none-eabi/7.3.1/../../../../arm-none-eabi/lib/thumb/v6-m\libg.a(lib_a-vfprintf.o)
 .rodata.zeroes.7331
                0x10009424       0x10 c:/tools/gcc-arm-none-eabi-7-2018-q2-update-win32/bin/../lib/gcc/arm-none-eabi/7.3.1/../../../../arm-none-eabi/lib/thumb/v6-m\libg.a(lib_a-vfprintf.o)
 .rodata._dtoa_r.str1.4
                0x10009434       0x10 c:/tools/gcc-arm-none-eabi-7-2018-q2-update-win32/bin/../lib/gcc/arm-none-eabi/7.3.1/../../../../arm-none-eabi/lib/thumb/v6-m\libg.a(lib_a-dtoa.o)
                                 0x12 (size before relaxing)
 *fill*         0x10009444        0x4 
 .rodata.__mprec_bigtens
                0x10009448       0x28 c:/tools/gcc-arm-none-eabi-7-2018-q2-update-win32/bin/../lib/gcc/arm-none-eabi/7.3.1/../../../../arm-none-eabi/lib/thumb/v6-m\libg.a(lib_a-mprec.o)
                0x10009448                __mprec_bigtens
 .rodata.__mprec_tens
                0x10009470       0xc8 c:/tools/gcc-arm-none-eabi-7-2018-q2-update-win32/bin/../lib/gcc/arm-none-eabi/7.3.1/../../../../arm-none-eabi/lib/thumb/v6-m\libg.a(lib_a-mprec.o)
                0x10009470                __mprec_tens
 .rodata.p05.6092
                0x10009538        0xc c:/tools/gcc-arm-none-eabi-7-2018-q2-update-win32/bin/../lib/gcc/arm-none-eabi/7.3.1/../../../../arm-none-eabi/lib/thumb/v6-m\libg.a(lib_a-mprec.o)
 .rodata._setlocale_r.str1.4
                0x10009544        0xa c:/tools/gcc-arm-none-eabi-7-2018-q2-update-win32/bin/../lib/gcc/arm-none-eabi/7.3.1/../../../../arm-none-eabi/lib/thumb/v6-m\libg.a(lib_a-locale.o)
                                  0xd (size before relaxing)
 *fill*         0x1000954e        0x2 
 .rodata.str1.4
                0x10009550        0x4 c:/tools/gcc-arm-none-eabi-7-2018-q2-update-win32/bin/../lib/gcc/arm-none-eabi/7.3.1/../../../../arm-none-eabi/lib/thumb/v6-m\libg.a(lib_a-locale.o)
                                  0x2 (size before relaxing)
 .rodata._ctype_
                0x10009554      0x101 c:/tools/gcc-arm-none-eabi-7-2018-q2-update-win32/bin/../lib/gcc/arm-none-eabi/7.3.1/../../../../arm-none-eabi/lib/thumb/v6-m\libg.a(lib_a-ctype_.o)
                0x10009554                _ctype_
                0x10009658                . = ALIGN (0x4)
 *fill*         0x10009655        0x3 
 *(SORT_BY_ALIGNMENT(SORT_BY_NAME(.flashdata*)))
                0x10009658                . = ALIGN (0x4)

.ARM.extab
 *(.ARM.extab* .gnu.linkonce.armextab.*)
                0x10009658                __exidx_start = .

.ARM.exidx      0x10009658        0x8
 *(.ARM.exidx* .gnu.linkonce.armexidx.*)
 .ARM.exidx     0x10009658        0x8 c:/tools/gcc-arm-none-eabi-7-2018-q2-update-win32/bin/../lib/gcc/arm-none-eabi/7.3.1/thumb/v6-m\libgcc.a(_udivmoddi4.o)
                0x10009660                __exidx_end = .

.rel.dyn        0x10009660        0x0
 .rel.iplt      0x10009660        0x0 c:/tools/gcc-arm-none-eabi-7-2018-q2-update-win32/bin/../lib/gcc/arm-none-eabi/7.3.1/thumb/v6-m/crtbegin.o
                0x10009660                . = ALIGN (0x4)
                0x10009660                __binary_info_start = .

.binary_info
 *(.binary_info.keep.*)
 *(.binary_info.*)
                0x10009660                __binary_info_end = .
                0x10009660                . = ALIGN (0x4)
                0x10009660                __etext = .

.ram_vector_table
                0x20000000       0xc0
 *(.ram_vector_table)
 .ram_vector_table
                0x20000000       0xc0 ./src/lib/pico-sdk/src/rp2_common/pico_runtime/runtime.o
                0x20000000                ram_vector_table

.data           0x200000c0     0x2b90 load address 0x10009660
                0x200000c0                __data_start__ = .
 *(vtable)
 *(.time_critical*)
 *(.text*)
 .text          0x200000c0      0x114 c:/tools/gcc-arm-none-eabi-7-2018-q2-update-win32/bin/../lib/gcc/arm-none-eabi/7.3.1/thumb/v6-m\libgcc.a(_udivsi3.o)
                0x200000c0                __aeabi_uidiv
                0x200000c0                __udivsi3
                0x200001cc                __aeabi_uidivmod
 .text          0x200001d4        0x4 c:/tools/gcc-arm-none-eabi-7-2018-q2-update-win32/bin/../lib/gcc/arm-none-eabi/7.3.1/thumb/v6-m\libgcc.a(_dvmd_tls.o)
                0x200001d4                __aeabi_idiv0
                0x200001d4                __aeabi_ldiv0
 .text          0x200001d8       0x40 c:/tools/gcc-arm-none-eabi-7-2018-q2-update-win32/bin/../lib/gcc/arm-none-eabi/7.3.1/thumb/v6-m\libgcc.a(_aeabi_uldivmod.o)
                0x200001d8                __aeabi_uldivmod
 .text          0x20000218       0x54 c:/tools/gcc-arm-none-eabi-7-2018-q2-update-win32/bin/../lib/gcc/arm-none-eabi/7.3.1/thumb/v6-m\libgcc.a(_muldi3.o)
                0x20000218                __muldi3
                0x20000218                __aeabi_lmul
 .text          0x2000026c      0x184 c:/tools/gcc-arm-none-eabi-7-2018-q2-update-win32/bin/../lib/gcc/arm-none-eabi/7.3.1/thumb/v6-m\libgcc.a(_udivmoddi4.o)
                0x2000026c                __udivmoddi4
 .text          0x200003f0       0x18 c:/tools/gcc-arm-none-eabi-7-2018-q2-update-win32/bin/../lib/gcc/arm-none-eabi/7.3.1/thumb/v6-m\libgcc.a(_clzdi2.o)
                0x200003f0                __clzdi2
 .text          0x20000408       0x3c c:/tools/gcc-arm-none-eabi-7-2018-q2-update-win32/bin/../lib/gcc/arm-none-eabi/7.3.1/thumb/v6-m\libgcc.a(_clzsi2.o)
                0x20000408                __clzsi2
 .text          0x20000444      0x1d4 c:/tools/gcc-arm-none-eabi-7-2018-q2-update-win32/bin/../lib/gcc/arm-none-eabi/7.3.1/thumb/v6-m\libgcc.a(_divsi3.o)
                0x20000444                __divsi3
                0x20000444                __aeabi_idiv
                0x20000610                __aeabi_idivmod
 .text          0x20000618       0x7c c:/tools/gcc-arm-none-eabi-7-2018-q2-update-win32/bin/../lib/gcc/arm-none-eabi/7.3.1/thumb/v6-m\libgcc.a(_arm_cmpdf2.o)
                0x20000618                __aeabi_cdrcmple
                0x20000628                __aeabi_cdcmple
                0x20000628                __aeabi_cdcmpeq
                0x20000638                __aeabi_dcmpeq
                0x20000644                __aeabi_dcmplt
                0x20000658                __aeabi_dcmple
                0x2000066c                __aeabi_dcmpgt
                0x20000680                __aeabi_dcmpge
 .text          0x20000694      0x638 c:/tools/gcc-arm-none-eabi-7-2018-q2-update-win32/bin/../lib/gcc/arm-none-eabi/7.3.1/thumb/v6-m\libgcc.a(adddf3.o)
                0x20000694                __aeabi_dadd
 .text          0x20000ccc      0x604 c:/tools/gcc-arm-none-eabi-7-2018-q2-update-win32/bin/../lib/gcc/arm-none-eabi/7.3.1/thumb/v6-m\libgcc.a(divdf3.o)
                0x20000ccc                __aeabi_ddiv
 .text          0x200012d0       0x78 c:/tools/gcc-arm-none-eabi-7-2018-q2-update-win32/bin/../lib/gcc/arm-none-eabi/7.3.1/thumb/v6-m\libgcc.a(eqdf2.o)
                0x200012d0                __nedf2
                0x200012d0                __eqdf2
 .text          0x20001348       0xc8 c:/tools/gcc-arm-none-eabi-7-2018-q2-update-win32/bin/../lib/gcc/arm-none-eabi/7.3.1/thumb/v6-m\libgcc.a(gedf2.o)
                0x20001348                __gedf2
                0x20001348                __gtdf2
 .text          0x20001410       0xd0 c:/tools/gcc-arm-none-eabi-7-2018-q2-update-win32/bin/../lib/gcc/arm-none-eabi/7.3.1/thumb/v6-m\libgcc.a(ledf2.o)
                0x20001410                __ledf2
                0x20001410                __ltdf2
 .text          0x200014e0      0x4e4 c:/tools/gcc-arm-none-eabi-7-2018-q2-update-win32/bin/../lib/gcc/arm-none-eabi/7.3.1/thumb/v6-m\libgcc.a(muldf3.o)
                0x200014e0                __aeabi_dmul
 .text          0x200019c4      0x690 c:/tools/gcc-arm-none-eabi-7-2018-q2-update-win32/bin/../lib/gcc/arm-none-eabi/7.3.1/thumb/v6-m\libgcc.a(subdf3.o)
                0x200019c4                __aeabi_dsub
 .text          0x20002054       0x38 c:/tools/gcc-arm-none-eabi-7-2018-q2-update-win32/bin/../lib/gcc/arm-none-eabi/7.3.1/thumb/v6-m\libgcc.a(unorddf2.o)
                0x20002054                __aeabi_dcmpun
 .text          0x2000208c       0x6c c:/tools/gcc-arm-none-eabi-7-2018-q2-update-win32/bin/../lib/gcc/arm-none-eabi/7.3.1/thumb/v6-m\libgcc.a(fixdfsi.o)
                0x2000208c                __aeabi_d2iz
 .text          0x200020f8       0x74 c:/tools/gcc-arm-none-eabi-7-2018-q2-update-win32/bin/../lib/gcc/arm-none-eabi/7.3.1/thumb/v6-m\libgcc.a(floatsidf.o)
                0x200020f8                __aeabi_i2d
 .text          0x2000216c       0x64 c:/tools/gcc-arm-none-eabi-7-2018-q2-update-win32/bin/../lib/gcc/arm-none-eabi/7.3.1/thumb/v6-m\libgcc.a(floatunsidf.o)
                0x2000216c                __aeabi_ui2d
                0x200021d0                . = ALIGN (0x4)
 *(.rodata*)
 .rodata        0x200021d0       0x40 c:/tools/gcc-arm-none-eabi-7-2018-q2-update-win32/bin/../lib/gcc/arm-none-eabi/7.3.1/thumb/v6-m\libgcc.a(divdf3.o)
 .rodata        0x20002210       0x40 c:/tools/gcc-arm-none-eabi-7-2018-q2-update-win32/bin/../lib/gcc/arm-none-eabi/7.3.1/thumb/v6-m\libgcc.a(muldf3.o)
                0x20002250                . = ALIGN (0x4)
 *(.data*)
 .data.striped_spin_lock_num
                0x20002250        0x1 ./src/lib/pico-sdk/src/rp2_common/hardware_sync/sync.o
 *fill*         0x20002251        0x3 
 .data          0x20002254       0x48 ./src/lib/pico-sdk/src/rp2_common/hardware_irq/irq_handler_chain.o
                0x20002254                irq_handler_chain_slots
                0x20002284                irq_handler_chain_first_slot
                0x2000228e                irq_handler_chain_remove_tail
 .data.led_tbl  0x2000229c        0x8 ./src/hw/driver/led.o
                0x2000229c                led_tbl
 .data._impure_ptr
                0x200022a4        0x4 c:/tools/gcc-arm-none-eabi-7-2018-q2-update-win32/bin/../lib/gcc/arm-none-eabi/7.3.1/../../../../arm-none-eabi/lib/thumb/v6-m\libg.a(lib_a-impure.o)
                0x200022a4                _impure_ptr
 .data.impure_data
                0x200022a8      0x428 c:/tools/gcc-arm-none-eabi-7-2018-q2-update-win32/bin/../lib/gcc/arm-none-eabi/7.3.1/../../../../arm-none-eabi/lib/thumb/v6-m\libg.a(lib_a-impure.o)
 .data.__malloc_av_
                0x200026d0      0x408 c:/tools/gcc-arm-none-eabi-7-2018-q2-update-win32/bin/../lib/gcc/arm-none-eabi/7.3.1/../../../../arm-none-eabi/lib/thumb/v6-m\libg.a(lib_a-mallocr.o)
                0x200026d0                __malloc_av_
 .data.__malloc_sbrk_base
                0x20002ad8        0x4 c:/tools/gcc-arm-none-eabi-7-2018-q2-update-win32/bin/../lib/gcc/arm-none-eabi/7.3.1/../../../../arm-none-eabi/lib/thumb/v6-m\libg.a(lib_a-mallocr.o)
                0x20002ad8                __malloc_sbrk_base
 .data.__malloc_trim_threshold
                0x20002adc        0x4 c:/tools/gcc-arm-none-eabi-7-2018-q2-update-win32/bin/../lib/gcc/arm-none-eabi/7.3.1/../../../../arm-none-eabi/lib/thumb/v6-m\libg.a(lib_a-mallocr.o)
                0x20002adc                __malloc_trim_threshold
 .data.__global_locale
                0x20002ae0      0x16c c:/tools/gcc-arm-none-eabi-7-2018-q2-update-win32/bin/../lib/gcc/arm-none-eabi/7.3.1/../../../../arm-none-eabi/lib/thumb/v6-m\libg.a(lib_a-locale.o)
                0x20002ae0                __global_locale
                0x20002c4c                . = ALIGN (0x4)
 *(.after_data.*)
                0x20002c4c                . = ALIGN (0x4)
                0x20002c4c                PROVIDE (__mutex_array_start = .)
 *(SORT_BY_NAME(.mutex_array.*))
 *(.mutex_array)
                0x20002c4c                PROVIDE (__mutex_array_end = .)
                0x20002c4c                . = ALIGN (0x4)
                0x20002c4c                PROVIDE (__preinit_array_start = .)
 *(SORT_BY_NAME(.preinit_array.*))
 *(.preinit_array)
                0x20002c4c                PROVIDE (__preinit_array_end = .)
                0x20002c4c                . = ALIGN (0x4)
                0x20002c4c                PROVIDE (__init_array_start = .)
 *(SORT_BY_NAME(.init_array.*))
 *(.init_array)
 .init_array    0x20002c4c        0x4 c:/tools/gcc-arm-none-eabi-7-2018-q2-update-win32/bin/../lib/gcc/arm-none-eabi/7.3.1/thumb/v6-m/crtbegin.o
                0x20002c50                PROVIDE (__init_array_end = .)
                0x20002c50                . = ALIGN (0x4)
                [!provide]                PROVIDE (__fini_array_start = .)
 *(SORT_BY_NAME(.fini_array.*))
 *(.fini_array)
                [!provide]                PROVIDE (__fini_array_end = .)
 *(.jcr)
                0x20002c50                . = ALIGN (0x4)
                0x20002c50                __data_end__ = .

.igot.plt       0x20002c50        0x0 load address 0x1000c1f0
 .igot.plt      0x20002c50        0x0 c:/tools/gcc-arm-none-eabi-7-2018-q2-update-win32/bin/../lib/gcc/arm-none-eabi/7.3.1/thumb/v6-m/crtbegin.o

.uninitialized_data
                0x20002c50        0x0 load address 0x1000c1f0
                0x20002c50                . = ALIGN (0x4)
 *(.uninitialized_data*)

.scratch_x      0x20040000        0x0 load address 0x1000c1f0
                0x20040000                __scratch_x_start__ = .
 *(.scratch_x.*)
                0x20040000                . = ALIGN (0x4)
                0x20040000                __scratch_x_end__ = .
                0x1000c1f0                __scratch_x_source__ = LOADADDR (.scratch_x)

.scratch_y      0x20041000        0x0 load address 0x1000c1f0
                0x20041000                __scratch_y_start__ = .
 *(.scratch_y.*)
                0x20041000                . = ALIGN (0x4)
                0x20041000                __scratch_y_end__ = .
                0x1000c1f0                __scratch_y_source__ = LOADADDR (.scratch_y)

.bss            0x20002c50       0xdc
                0x20002c50                . = ALIGN (0x4)
                0x20002c50                __bss_start__ = .
 *(SORT_BY_ALIGNMENT(SORT_BY_NAME(.bss*)))
 .bss           0x20002c50       0x1c c:/tools/gcc-arm-none-eabi-7-2018-q2-update-win32/bin/../lib/gcc/arm-none-eabi/7.3.1/thumb/v6-m/crtbegin.o
 .bss.__malloc_current_mallinfo
                0x20002c6c       0x28 c:/tools/gcc-arm-none-eabi-7-2018-q2-update-win32/bin/../lib/gcc/arm-none-eabi/7.3.1/../../../../arm-none-eabi/lib/thumb/v6-m\libg.a(lib_a-mallocr.o)
                0x20002c6c                __malloc_current_mallinfo
 .bss.__malloc_max_sbrked_mem
                0x20002c94        0x4 c:/tools/gcc-arm-none-eabi-7-2018-q2-update-win32/bin/../lib/gcc/arm-none-eabi/7.3.1/../../../../arm-none-eabi/lib/thumb/v6-m\libg.a(lib_a-mallocr.o)
                0x20002c94                __malloc_max_sbrked_mem
 .bss.__malloc_max_total_mem
                0x20002c98        0x4 c:/tools/gcc-arm-none-eabi-7-2018-q2-update-win32/bin/../lib/gcc/arm-none-eabi/7.3.1/../../../../arm-none-eabi/lib/thumb/v6-m\libg.a(lib_a-mallocr.o)
                0x20002c98                __malloc_max_total_mem
 .bss.__malloc_top_pad
                0x20002c9c        0x4 c:/tools/gcc-arm-none-eabi-7-2018-q2-update-win32/bin/../lib/gcc/arm-none-eabi/7.3.1/../../../../arm-none-eabi/lib/thumb/v6-m\libg.a(lib_a-mallocr.o)
                0x20002c9c                __malloc_top_pad
 .bss.alarm_callbacks
                0x20002ca0       0x10 ./src/lib/pico-sdk/src/rp2_common/hardware_timer/timer.o
 .bss.configured_freq
                0x20002cb0       0x28 ./src/lib/pico-sdk/src/rp2_common/hardware_clocks/clocks.o
 .bss.default_alarm_pool
                0x20002cd8        0x4 ./src/lib/pico-sdk/src/common/pico_time/time.o
 .bss.heap_end.6343
                0x20002cdc        0x4 ./src/lib/pico-sdk/src/rp2_common/pico_runtime/runtime.o
 .bss.pools     0x20002ce0       0x10 ./src/lib/pico-sdk/src/common/pico_time/time.o
 .bss.target_hi
                0x20002cf0       0x10 ./src/lib/pico-sdk/src/rp2_common/hardware_timer/timer.o
 .bss.claimed   0x20002d00        0x1 ./src/lib/pico-sdk/src/rp2_common/hardware_timer/timer.o
 .bss.irq_hander_chain_free_slot_head
                0x20002d01        0x1 ./src/lib/pico-sdk/src/rp2_common/hardware_irq/irq.o
 .bss.timer_callbacks_pending
                0x20002d02        0x1 ./src/lib/pico-sdk/src/rp2_common/hardware_timer/timer.o
 *(COMMON)
 *fill*         0x20002d03        0x1 
 COMMON         0x20002d04       0x21 c:/tools/gcc-arm-none-eabi-7-2018-q2-update-win32/bin/../lib/gcc/arm-none-eabi/7.3.1/../../../../arm-none-eabi/lib/thumb/v6-m\libg.a(lib_a-lock.o)
                0x20002d04                __lock___atexit_recursive_mutex
                0x20002d08                __lock___arc4random_mutex
                0x20002d0c                __lock___env_recursive_mutex
                0x20002d10                __lock___sinit_recursive_mutex
                0x20002d14                __lock___malloc_recursive_mutex
                0x20002d18                __lock___at_quick_exit_mutex
                0x20002d1c                __lock___dd_hash_mutex
                0x20002d20                __lock___tz_mutex
                0x20002d24                __lock___sfp_recursive_mutex
 *fill*         0x20002d25        0x3 
 COMMON         0x20002d28        0x4 c:/tools/gcc-arm-none-eabi-7-2018-q2-update-win32/bin/../lib/gcc/arm-none-eabi/7.3.1/../../../../arm-none-eabi/lib/thumb/v6-m\libg.a(lib_a-reent.o)
                0x20002d28                errno
                0x20002d2c                . = ALIGN (0x4)
                0x20002d2c                __bss_end__ = .

.heap           0x20002d2c      0x800
                0x20002d2c                __end__ = .
                0x20002d2c                end = __end__
 *(.heap*)
 .heap          0x20002d2c      0x800 ./src/bsp/startup/crt0.o
                0x2000352c                __HeapLimit = .

.stack1_dummy   0x20040000        0x0
 *(.stack1*)

.stack_dummy    0x20041000      0x800
 *(.stack*)
 .stack         0x20041000      0x800 ./src/bsp/startup/crt0.o

.flash_end      0x1000c1f0        0x0
                0x1000c1f0                __flash_binary_end = .
                0x20040000                __StackLimit = (ORIGIN (RAM) + LENGTH (RAM))
                0x20041000                __StackOneTop = (ORIGIN (SCRATCH_X) + LENGTH (SCRATCH_X))
                0x20042000                __StackTop = (ORIGIN (SCRATCH_Y) + LENGTH (SCRATCH_Y))
                0x20041000                __StackOneBottom = (__StackOneTop - SIZEOF (.stack1_dummy))
                0x20041800                __StackBottom = (__StackTop - SIZEOF (.stack_dummy))
                0x20042000                PROVIDE (__stack = __StackTop)
                0x00000001                ASSERT ((__StackLimit >= __HeapLimit), region RAM overflowed)
                0x00000001                ASSERT (((__binary_info_header_end - __logical_binary_start) <= 0x100), Binary info must be in first 256 bytes of the binary)
OUTPUT(pico_fw_led.elf elf32-littlearm)

.ARM.attributes
                0x00000000       0x28
 .ARM.attributes
                0x00000000       0x1e c:/tools/gcc-arm-none-eabi-7-2018-q2-update-win32/bin/../lib/gcc/arm-none-eabi/7.3.1/thumb/v6-m/crti.o
 .ARM.attributes
                0x0000001e       0x2c c:/tools/gcc-arm-none-eabi-7-2018-q2-update-win32/bin/../lib/gcc/arm-none-eabi/7.3.1/thumb/v6-m/crtbegin.o
 .ARM.attributes
                0x0000004a       0x32 ./src/lib/pico-sdk/src/rp2_common/pico_runtime/runtime.o
 .ARM.attributes
                0x0000007c       0x32 ./src/lib/pico-sdk/src/rp2_common/pico_platform/platform.o
 .ARM.attributes
                0x000000ae       0x32 ./src/lib/pico-sdk/src/rp2_common/pico_bootrom/bootrom.o
 .ARM.attributes
                0x000000e0       0x32 ./src/lib/pico-sdk/src/rp2_common/hardware_xosc/xosc.o
 .ARM.attributes
                0x00000112       0x32 ./src/lib/pico-sdk/src/rp2_common/hardware_watchdog/watchdog.o
 .ARM.attributes
                0x00000144       0x32 ./src/lib/pico-sdk/src/rp2_common/hardware_timer/timer.o
 .ARM.attributes
                0x00000176       0x32 ./src/lib/pico-sdk/src/rp2_common/hardware_sync/sync.o
 .ARM.attributes
                0x000001a8       0x32 ./src/lib/pico-sdk/src/rp2_common/hardware_pll/pll.o
 .ARM.attributes
                0x000001da       0x32 ./src/lib/pico-sdk/src/rp2_common/hardware_irq/irq.o
 .ARM.attributes
                0x0000020c       0x22 ./src/lib/pico-sdk/src/rp2_common/hardware_irq/irq_handler_chain.o
 .ARM.attributes
                0x0000022e       0x32 ./src/lib/pico-sdk/src/rp2_common/hardware_gpio/gpio.o
 .ARM.attributes
                0x00000260       0x32 ./src/lib/pico-sdk/src/rp2_common/hardware_clocks/clocks.o
 .ARM.attributes
                0x00000292       0x32 ./src/lib/pico-sdk/src/rp2_common/hardware_claim/claim.o
 .ARM.attributes
                0x000002c4       0x32 ./src/lib/pico-sdk/src/common/pico_util/pheap.o
 .ARM.attributes
                0x000002f6       0x32 ./src/lib/pico-sdk/src/common/pico_time/time.o
 .ARM.attributes
                0x00000328       0x32 ./src/lib/pico-sdk/src/common/pico_sync/lock_core.o
 .ARM.attributes
                0x0000035a       0x32 ./src/lib/pico-sdk/src/common/pico_sync/mutex.o
 .ARM.attributes
                0x0000038c       0x32 ./src/hw/driver/led.o
 .ARM.attributes
                0x000003be       0x32 ./src/hw/hw.o
 .ARM.attributes
                0x000003f0       0x22 ./src/bsp/startup/crt0.o
 .ARM.attributes
                0x00000412       0x32 ./src/bsp/bsp.o
 .ARM.attributes
                0x00000444       0x22 ./src/bsp/sboot2.o
 .ARM.attributes
                0x00000466       0x32 ./src/ap/ap.o
 .ARM.attributes
                0x00000498       0x32 ./src/main.o
 .ARM.attributes
                0x000004ca       0x1e c:/tools/gcc-arm-none-eabi-7-2018-q2-update-win32/bin/../lib/gcc/arm-none-eabi/7.3.1/thumb/v6-m\libgcc.a(_udivsi3.o)
 .ARM.attributes
                0x000004e8       0x1e c:/tools/gcc-arm-none-eabi-7-2018-q2-update-win32/bin/../lib/gcc/arm-none-eabi/7.3.1/thumb/v6-m\libgcc.a(_dvmd_tls.o)
 .ARM.attributes
                0x00000506       0x1e c:/tools/gcc-arm-none-eabi-7-2018-q2-update-win32/bin/../lib/gcc/arm-none-eabi/7.3.1/thumb/v6-m\libgcc.a(_aeabi_uldivmod.o)
 .ARM.attributes
                0x00000524       0x2c c:/tools/gcc-arm-none-eabi-7-2018-q2-update-win32/bin/../lib/gcc/arm-none-eabi/7.3.1/thumb/v6-m\libgcc.a(_muldi3.o)
 .ARM.attributes
                0x00000550       0x2c c:/tools/gcc-arm-none-eabi-7-2018-q2-update-win32/bin/../lib/gcc/arm-none-eabi/7.3.1/thumb/v6-m\libgcc.a(_udivmoddi4.o)
 .ARM.attributes
                0x0000057c       0x1e c:/tools/gcc-arm-none-eabi-7-2018-q2-update-win32/bin/../lib/gcc/arm-none-eabi/7.3.1/thumb/v6-m\libgcc.a(_clzdi2.o)
 .ARM.attributes
                0x0000059a       0x1e c:/tools/gcc-arm-none-eabi-7-2018-q2-update-win32/bin/../lib/gcc/arm-none-eabi/7.3.1/thumb/v6-m\libgcc.a(_clzsi2.o)
 .ARM.attributes
                0x000005b8       0x2c c:/tools/gcc-arm-none-eabi-7-2018-q2-update-win32/bin/../lib/gcc/arm-none-eabi/7.3.1/../../../../arm-none-eabi/lib/thumb/v6-m\libg.a(lib_a-calloc.o)
 .ARM.attributes
                0x000005e4       0x2c c:/tools/gcc-arm-none-eabi-7-2018-q2-update-win32/bin/../lib/gcc/arm-none-eabi/7.3.1/../../../../arm-none-eabi/lib/thumb/v6-m\libg.a(lib_a-callocr.o)
 .ARM.attributes
                0x00000610       0x2c c:/tools/gcc-arm-none-eabi-7-2018-q2-update-win32/bin/../lib/gcc/arm-none-eabi/7.3.1/../../../../arm-none-eabi/lib/thumb/v6-m\libg.a(lib_a-impure.o)
 .ARM.attributes
                0x0000063c       0x2c c:/tools/gcc-arm-none-eabi-7-2018-q2-update-win32/bin/../lib/gcc/arm-none-eabi/7.3.1/../../../../arm-none-eabi/lib/thumb/v6-m\libg.a(lib_a-malloc.o)
 .ARM.attributes
                0x00000668       0x2c c:/tools/gcc-arm-none-eabi-7-2018-q2-update-win32/bin/../lib/gcc/arm-none-eabi/7.3.1/../../../../arm-none-eabi/lib/thumb/v6-m\libg.a(lib_a-mallocr.o)
 .ARM.attributes
                0x00000694       0x2c c:/tools/gcc-arm-none-eabi-7-2018-q2-update-win32/bin/../lib/gcc/arm-none-eabi/7.3.1/../../../../arm-none-eabi/lib/thumb/v6-m\libg.a(lib_a-memcpy-stub.o)
 .ARM.attributes
                0x000006c0       0x2c c:/tools/gcc-arm-none-eabi-7-2018-q2-update-win32/bin/../lib/gcc/arm-none-eabi/7.3.1/../../../../arm-none-eabi/lib/thumb/v6-m\libg.a(lib_a-memset.o)
 .ARM.attributes
                0x000006ec       0x2c c:/tools/gcc-arm-none-eabi-7-2018-q2-update-win32/bin/../lib/gcc/arm-none-eabi/7.3.1/../../../../arm-none-eabi/lib/thumb/v6-m\libg.a(lib_a-mlock.o)
 .ARM.attributes
                0x00000718       0x2c c:/tools/gcc-arm-none-eabi-7-2018-q2-update-win32/bin/../lib/gcc/arm-none-eabi/7.3.1/../../../../arm-none-eabi/lib/thumb/v6-m\libg.a(lib_a-printf.o)
 .ARM.attributes
                0x00000744       0x2c c:/tools/gcc-arm-none-eabi-7-2018-q2-update-win32/bin/../lib/gcc/arm-none-eabi/7.3.1/../../../../arm-none-eabi/lib/thumb/v6-m\libg.a(lib_a-puts.o)
 .ARM.attributes
                0x00000770       0x2c c:/tools/gcc-arm-none-eabi-7-2018-q2-update-win32/bin/../lib/gcc/arm-none-eabi/7.3.1/../../../../arm-none-eabi/lib/thumb/v6-m\libg.a(lib_a-sbrkr.o)
 .ARM.attributes
                0x0000079c       0x2c c:/tools/gcc-arm-none-eabi-7-2018-q2-update-win32/bin/../lib/gcc/arm-none-eabi/7.3.1/../../../../arm-none-eabi/lib/thumb/v6-m\libg.a(lib_a-strlen-stub.o)
 .ARM.attributes
                0x000007c8       0x2c c:/tools/gcc-arm-none-eabi-7-2018-q2-update-win32/bin/../lib/gcc/arm-none-eabi/7.3.1/../../../../arm-none-eabi/lib/thumb/v6-m\libg.a(lib_a-vfprintf.o)
 .ARM.attributes
                0x000007f4       0x2c c:/tools/gcc-arm-none-eabi-7-2018-q2-update-win32/bin/../lib/gcc/arm-none-eabi/7.3.1/../../../../arm-none-eabi/lib/thumb/v6-m\libg.a(lib_a-vprintf.o)
 .ARM.attributes
                0x00000820       0x2c c:/tools/gcc-arm-none-eabi-7-2018-q2-update-win32/bin/../lib/gcc/arm-none-eabi/7.3.1/../../../../arm-none-eabi/lib/thumb/v6-m\libg.a(lib_a-wsetup.o)
 .ARM.attributes
                0x0000084c       0x2c c:/tools/gcc-arm-none-eabi-7-2018-q2-update-win32/bin/../lib/gcc/arm-none-eabi/7.3.1/../../../../arm-none-eabi/lib/thumb/v6-m\libg.a(lib_a-dtoa.o)
 .ARM.attributes
                0x00000878       0x2c c:/tools/gcc-arm-none-eabi-7-2018-q2-update-win32/bin/../lib/gcc/arm-none-eabi/7.3.1/../../../../arm-none-eabi/lib/thumb/v6-m\libg.a(lib_a-fflush.o)
 .ARM.attributes
                0x000008a4       0x2c c:/tools/gcc-arm-none-eabi-7-2018-q2-update-win32/bin/../lib/gcc/arm-none-eabi/7.3.1/../../../../arm-none-eabi/lib/thumb/v6-m\libg.a(lib_a-findfp.o)
 .ARM.attributes
                0x000008d0       0x2c c:/tools/gcc-arm-none-eabi-7-2018-q2-update-win32/bin/../lib/gcc/arm-none-eabi/7.3.1/../../../../arm-none-eabi/lib/thumb/v6-m\libg.a(lib_a-freer.o)
 .ARM.attributes
                0x000008fc       0x2c c:/tools/gcc-arm-none-eabi-7-2018-q2-update-win32/bin/../lib/gcc/arm-none-eabi/7.3.1/../../../../arm-none-eabi/lib/thumb/v6-m\libg.a(lib_a-fvwrite.o)
 .ARM.attributes
                0x00000928       0x2c c:/tools/gcc-arm-none-eabi-7-2018-q2-update-win32/bin/../lib/gcc/arm-none-eabi/7.3.1/../../../../arm-none-eabi/lib/thumb/v6-m\libg.a(lib_a-fwalk.o)
 .ARM.attributes
                0x00000954       0x2c c:/tools/gcc-arm-none-eabi-7-2018-q2-update-win32/bin/../lib/gcc/arm-none-eabi/7.3.1/../../../../arm-none-eabi/lib/thumb/v6-m\libg.a(lib_a-localeconv.o)
 .ARM.attributes
                0x00000980       0x2c c:/tools/gcc-arm-none-eabi-7-2018-q2-update-win32/bin/../lib/gcc/arm-none-eabi/7.3.1/../../../../arm-none-eabi/lib/thumb/v6-m\libg.a(lib_a-lock.o)
 .ARM.attributes
                0x000009ac       0x2c c:/tools/gcc-arm-none-eabi-7-2018-q2-update-win32/bin/../lib/gcc/arm-none-eabi/7.3.1/../../../../arm-none-eabi/lib/thumb/v6-m\libg.a(lib_a-makebuf.o)
 .ARM.attributes
                0x000009d8       0x2c c:/tools/gcc-arm-none-eabi-7-2018-q2-update-win32/bin/../lib/gcc/arm-none-eabi/7.3.1/../../../../arm-none-eabi/lib/thumb/v6-m\libg.a(lib_a-memchr-stub.o)
 .ARM.attributes
                0x00000a04       0x2c c:/tools/gcc-arm-none-eabi-7-2018-q2-update-win32/bin/../lib/gcc/arm-none-eabi/7.3.1/../../../../arm-none-eabi/lib/thumb/v6-m\libg.a(lib_a-memmove.o)
 .ARM.attributes
                0x00000a30       0x2c c:/tools/gcc-arm-none-eabi-7-2018-q2-update-win32/bin/../lib/gcc/arm-none-eabi/7.3.1/../../../../arm-none-eabi/lib/thumb/v6-m\libg.a(lib_a-mprec.o)
 .ARM.attributes
                0x00000a5c       0x2c c:/tools/gcc-arm-none-eabi-7-2018-q2-update-win32/bin/../lib/gcc/arm-none-eabi/7.3.1/../../../../arm-none-eabi/lib/thumb/v6-m\libg.a(lib_a-reallocr.o)
 .ARM.attributes
                0x00000a88       0x2c c:/tools/gcc-arm-none-eabi-7-2018-q2-update-win32/bin/../lib/gcc/arm-none-eabi/7.3.1/../../../../arm-none-eabi/lib/thumb/v6-m\libg.a(lib_a-reent.o)
 .ARM.attributes
                0x00000ab4       0x2c c:/tools/gcc-arm-none-eabi-7-2018-q2-update-win32/bin/../lib/gcc/arm-none-eabi/7.3.1/../../../../arm-none-eabi/lib/thumb/v6-m\libg.a(lib_a-s_frexp.o)
 .ARM.attributes
                0x00000ae0       0x2c c:/tools/gcc-arm-none-eabi-7-2018-q2-update-win32/bin/../lib/gcc/arm-none-eabi/7.3.1/../../../../arm-none-eabi/lib/thumb/v6-m\libg.a(lib_a-stdio.o)
 .ARM.attributes
                0x00000b0c       0x2c c:/tools/gcc-arm-none-eabi-7-2018-q2-update-win32/bin/../lib/gcc/arm-none-eabi/7.3.1/../../../../arm-none-eabi/lib/thumb/v6-m\libg.a(lib_a-strncpy.o)
 .ARM.attributes
                0x00000b38       0x2c c:/tools/gcc-arm-none-eabi-7-2018-q2-update-win32/bin/../lib/gcc/arm-none-eabi/7.3.1/../../../../arm-none-eabi/lib/thumb/v6-m\libg.a(lib_a-vfiprintf.o)
 .ARM.attributes
                0x00000b64       0x2c c:/tools/gcc-arm-none-eabi-7-2018-q2-update-win32/bin/../lib/gcc/arm-none-eabi/7.3.1/../../../../arm-none-eabi/lib/thumb/v6-m\libg.a(lib_a-wbuf.o)
 .ARM.attributes
                0x00000b90       0x2c c:/tools/gcc-arm-none-eabi-7-2018-q2-update-win32/bin/../lib/gcc/arm-none-eabi/7.3.1/../../../../arm-none-eabi/lib/thumb/v6-m\libg.a(lib_a-writer.o)
 .ARM.attributes
                0x00000bbc       0x2c c:/tools/gcc-arm-none-eabi-7-2018-q2-update-win32/bin/../lib/gcc/arm-none-eabi/7.3.1/../../../../arm-none-eabi/lib/thumb/v6-m\libg.a(lib_a-closer.o)
 .ARM.attributes
                0x00000be8       0x2c c:/tools/gcc-arm-none-eabi-7-2018-q2-update-win32/bin/../lib/gcc/arm-none-eabi/7.3.1/../../../../arm-none-eabi/lib/thumb/v6-m\libg.a(lib_a-fclose.o)
 .ARM.attributes
                0x00000c14       0x2c c:/tools/gcc-arm-none-eabi-7-2018-q2-update-win32/bin/../lib/gcc/arm-none-eabi/7.3.1/../../../../arm-none-eabi/lib/thumb/v6-m\libg.a(lib_a-fputwc.o)
 .ARM.attributes
                0x00000c40       0x2c c:/tools/gcc-arm-none-eabi-7-2018-q2-update-win32/bin/../lib/gcc/arm-none-eabi/7.3.1/../../../../arm-none-eabi/lib/thumb/v6-m\libg.a(lib_a-fstatr.o)
 .ARM.attributes
                0x00000c6c       0x2c c:/tools/gcc-arm-none-eabi-7-2018-q2-update-win32/bin/../lib/gcc/arm-none-eabi/7.3.1/../../../../arm-none-eabi/lib/thumb/v6-m\libg.a(lib_a-isattyr.o)
 .ARM.attributes
                0x00000c98       0x2c c:/tools/gcc-arm-none-eabi-7-2018-q2-update-win32/bin/../lib/gcc/arm-none-eabi/7.3.1/../../../../arm-none-eabi/lib/thumb/v6-m\libg.a(lib_a-locale.o)
 .ARM.attributes
                0x00000cc4       0x2c c:/tools/gcc-arm-none-eabi-7-2018-q2-update-win32/bin/../lib/gcc/arm-none-eabi/7.3.1/../../../../arm-none-eabi/lib/thumb/v6-m\libg.a(lib_a-lseekr.o)
 .ARM.attributes
                0x00000cf0       0x2c c:/tools/gcc-arm-none-eabi-7-2018-q2-update-win32/bin/../lib/gcc/arm-none-eabi/7.3.1/../../../../arm-none-eabi/lib/thumb/v6-m\libg.a(lib_a-mbtowc_r.o)
 .ARM.attributes
                0x00000d1c       0x2c c:/tools/gcc-arm-none-eabi-7-2018-q2-update-win32/bin/../lib/gcc/arm-none-eabi/7.3.1/../../../../arm-none-eabi/lib/thumb/v6-m\libg.a(lib_a-readr.o)
 .ARM.attributes
                0x00000d48       0x2c c:/tools/gcc-arm-none-eabi-7-2018-q2-update-win32/bin/../lib/gcc/arm-none-eabi/7.3.1/../../../../arm-none-eabi/lib/thumb/v6-m\libg.a(lib_a-wcrtomb.o)
 .ARM.attributes
                0x00000d74       0x2c c:/tools/gcc-arm-none-eabi-7-2018-q2-update-win32/bin/../lib/gcc/arm-none-eabi/7.3.1/../../../../arm-none-eabi/lib/thumb/v6-m\libg.a(lib_a-wctomb_r.o)
 .ARM.attributes
                0x00000da0       0x2c c:/tools/gcc-arm-none-eabi-7-2018-q2-update-win32/bin/../lib/gcc/arm-none-eabi/7.3.1/../../../../arm-none-eabi/lib/thumb/v6-m\libg.a(lib_a-ctype_.o)
 .ARM.attributes
                0x00000dcc       0x1e c:/tools/gcc-arm-none-eabi-7-2018-q2-update-win32/bin/../lib/gcc/arm-none-eabi/7.3.1/thumb/v6-m\libgcc.a(_divsi3.o)
 .ARM.attributes
                0x00000dea       0x1e c:/tools/gcc-arm-none-eabi-7-2018-q2-update-win32/bin/../lib/gcc/arm-none-eabi/7.3.1/thumb/v6-m\libgcc.a(_arm_cmpdf2.o)
 .ARM.attributes
                0x00000e08       0x2c c:/tools/gcc-arm-none-eabi-7-2018-q2-update-win32/bin/../lib/gcc/arm-none-eabi/7.3.1/thumb/v6-m\libgcc.a(adddf3.o)
 .ARM.attributes
                0x00000e34       0x2c c:/tools/gcc-arm-none-eabi-7-2018-q2-update-win32/bin/../lib/gcc/arm-none-eabi/7.3.1/thumb/v6-m\libgcc.a(divdf3.o)
 .ARM.attributes
                0x00000e60       0x2c c:/tools/gcc-arm-none-eabi-7-2018-q2-update-win32/bin/../lib/gcc/arm-none-eabi/7.3.1/thumb/v6-m\libgcc.a(eqdf2.o)
 .ARM.attributes
                0x00000e8c       0x2c c:/tools/gcc-arm-none-eabi-7-2018-q2-update-win32/bin/../lib/gcc/arm-none-eabi/7.3.1/thumb/v6-m\libgcc.a(gedf2.o)
 .ARM.attributes
                0x00000eb8       0x2c c:/tools/gcc-arm-none-eabi-7-2018-q2-update-win32/bin/../lib/gcc/arm-none-eabi/7.3.1/thumb/v6-m\libgcc.a(ledf2.o)
 .ARM.attributes
                0x00000ee4       0x2c c:/tools/gcc-arm-none-eabi-7-2018-q2-update-win32/bin/../lib/gcc/arm-none-eabi/7.3.1/thumb/v6-m\libgcc.a(muldf3.o)
 .ARM.attributes
                0x00000f10       0x2c c:/tools/gcc-arm-none-eabi-7-2018-q2-update-win32/bin/../lib/gcc/arm-none-eabi/7.3.1/thumb/v6-m\libgcc.a(subdf3.o)
 .ARM.attributes
                0x00000f3c       0x2c c:/tools/gcc-arm-none-eabi-7-2018-q2-update-win32/bin/../lib/gcc/arm-none-eabi/7.3.1/thumb/v6-m\libgcc.a(unorddf2.o)
 .ARM.attributes
                0x00000f68       0x2c c:/tools/gcc-arm-none-eabi-7-2018-q2-update-win32/bin/../lib/gcc/arm-none-eabi/7.3.1/thumb/v6-m\libgcc.a(fixdfsi.o)
 .ARM.attributes
                0x00000f94       0x2c c:/tools/gcc-arm-none-eabi-7-2018-q2-update-win32/bin/../lib/gcc/arm-none-eabi/7.3.1/thumb/v6-m\libgcc.a(floatsidf.o)
 .ARM.attributes
                0x00000fc0       0x2c c:/tools/gcc-arm-none-eabi-7-2018-q2-update-win32/bin/../lib/gcc/arm-none-eabi/7.3.1/thumb/v6-m\libgcc.a(floatunsidf.o)
 .ARM.attributes
                0x00000fec       0x2c c:/tools/gcc-arm-none-eabi-7-2018-q2-update-win32/bin/../lib/gcc/arm-none-eabi/7.3.1/../../../../arm-none-eabi/lib/thumb/v6-m\libnosys.a(close.o)
 .ARM.attributes
                0x00001018       0x2c c:/tools/gcc-arm-none-eabi-7-2018-q2-update-win32/bin/../lib/gcc/arm-none-eabi/7.3.1/../../../../arm-none-eabi/lib/thumb/v6-m\libnosys.a(fstat.o)
 .ARM.attributes
                0x00001044       0x2c c:/tools/gcc-arm-none-eabi-7-2018-q2-update-win32/bin/../lib/gcc/arm-none-eabi/7.3.1/../../../../arm-none-eabi/lib/thumb/v6-m\libnosys.a(isatty.o)
 .ARM.attributes
                0x00001070       0x2c c:/tools/gcc-arm-none-eabi-7-2018-q2-update-win32/bin/../lib/gcc/arm-none-eabi/7.3.1/../../../../arm-none-eabi/lib/thumb/v6-m\libnosys.a(lseek.o)
 .ARM.attributes
                0x0000109c       0x2c c:/tools/gcc-arm-none-eabi-7-2018-q2-update-win32/bin/../lib/gcc/arm-none-eabi/7.3.1/../../../../arm-none-eabi/lib/thumb/v6-m\libnosys.a(read.o)
 .ARM.attributes
                0x000010c8       0x2c c:/tools/gcc-arm-none-eabi-7-2018-q2-update-win32/bin/../lib/gcc/arm-none-eabi/7.3.1/../../../../arm-none-eabi/lib/thumb/v6-m\libnosys.a(write.o)

.comment        0x00000000       0x7f
 .comment       0x00000000       0x7f ./src/lib/pico-sdk/src/rp2_common/pico_runtime/runtime.o
                                 0x80 (size before relaxing)
 .comment       0x0000007f       0x80 ./src/lib/pico-sdk/src/rp2_common/pico_platform/platform.o
 .comment       0x0000007f       0x80 ./src/lib/pico-sdk/src/rp2_common/pico_bootrom/bootrom.o
 .comment       0x0000007f       0x80 ./src/lib/pico-sdk/src/rp2_common/hardware_xosc/xosc.o
 .comment       0x0000007f       0x80 ./src/lib/pico-sdk/src/rp2_common/hardware_watchdog/watchdog.o
 .comment       0x0000007f       0x80 ./src/lib/pico-sdk/src/rp2_common/hardware_timer/timer.o
 .comment       0x0000007f       0x80 ./src/lib/pico-sdk/src/rp2_common/hardware_sync/sync.o
 .comment       0x0000007f       0x80 ./src/lib/pico-sdk/src/rp2_common/hardware_pll/pll.o
 .comment       0x0000007f       0x80 ./src/lib/pico-sdk/src/rp2_common/hardware_irq/irq.o
 .comment       0x0000007f       0x80 ./src/lib/pico-sdk/src/rp2_common/hardware_gpio/gpio.o
 .comment       0x0000007f       0x80 ./src/lib/pico-sdk/src/rp2_common/hardware_clocks/clocks.o
 .comment       0x0000007f       0x80 ./src/lib/pico-sdk/src/rp2_common/hardware_claim/claim.o
 .comment       0x0000007f       0x80 ./src/lib/pico-sdk/src/common/pico_util/pheap.o
 .comment       0x0000007f       0x80 ./src/lib/pico-sdk/src/common/pico_time/time.o
 .comment       0x0000007f       0x80 ./src/lib/pico-sdk/src/common/pico_sync/lock_core.o
 .comment       0x0000007f       0x80 ./src/lib/pico-sdk/src/common/pico_sync/mutex.o
 .comment       0x0000007f       0x80 ./src/hw/driver/led.o
 .comment       0x0000007f       0x80 ./src/hw/hw.o
 .comment       0x0000007f       0x80 ./src/bsp/bsp.o
 .comment       0x0000007f       0x80 ./src/ap/ap.o
 .comment       0x0000007f       0x80 ./src/main.o

.debug_info     0x00000000    0x1168c
 .debug_info    0x00000000      0xed2 ./src/lib/pico-sdk/src/rp2_common/pico_runtime/runtime.o
 .debug_info    0x00000ed2      0x977 ./src/lib/pico-sdk/src/rp2_common/pico_platform/platform.o
 .debug_info    0x00001849      0x9fb ./src/lib/pico-sdk/src/rp2_common/pico_bootrom/bootrom.o